Component: Arm Compiler for Embedded 6.19 Tool: armlink [5e73cb00]

==============================================================================

Section Cross References

    startup_stm32f103xb.o(STACK) refers (Special) to heapauxi.o(.text) for __use_two_region_memory
    startup_stm32f103xb.o(HEAP) refers (Special) to heapauxi.o(.text) for __use_two_region_memory
    startup_stm32f103xb.o(RESET) refers (Special) to heapauxi.o(.text) for __use_two_region_memory
    startup_stm32f103xb.o(RESET) refers to startup_stm32f103xb.o(STACK) for __initial_sp
    startup_stm32f103xb.o(RESET) refers to startup_stm32f103xb.o(.text) for Reset_Handler
    startup_stm32f103xb.o(RESET) refers to stm32f1xx_it.o(.text.NMI_Handler) for NMI_Handler
    startup_stm32f103xb.o(RESET) refers to stm32f1xx_it.o(.text.HardFault_Handler) for HardFault_Handler
    startup_stm32f103xb.o(RESET) refers to stm32f1xx_it.o(.text.MemManage_Handler) for MemManage_Handler
    startup_stm32f103xb.o(RESET) refers to stm32f1xx_it.o(.text.BusFault_Handler) for BusFault_Handler
    startup_stm32f103xb.o(RESET) refers to stm32f1xx_it.o(.text.UsageFault_Handler) for UsageFault_Handler
    startup_stm32f103xb.o(RESET) refers to stm32f1xx_it.o(.text.SVC_Handler) for SVC_Handler
    startup_stm32f103xb.o(RESET) refers to stm32f1xx_it.o(.text.DebugMon_Handler) for DebugMon_Handler
    startup_stm32f103xb.o(RESET) refers to stm32f1xx_it.o(.text.PendSV_Handler) for PendSV_Handler
    startup_stm32f103xb.o(RESET) refers to stm32f1xx_it.o(.text.SysTick_Handler) for SysTick_Handler
    startup_stm32f103xb.o(RESET) refers to stm32f1xx_it.o(.text.TIM1_CC_IRQHandler) for TIM1_CC_IRQHandler
    startup_stm32f103xb.o(RESET) refers to stm32f1xx_it.o(.text.I2C1_EV_IRQHandler) for I2C1_EV_IRQHandler
    startup_stm32f103xb.o(RESET) refers to stm32f1xx_it.o(.text.I2C1_ER_IRQHandler) for I2C1_ER_IRQHandler
    startup_stm32f103xb.o(RESET) refers to stm32f1xx_it.o(.text.SPI1_IRQHandler) for SPI1_IRQHandler
    startup_stm32f103xb.o(RESET) refers to stm32f1xx_it.o(.text.USART1_IRQHandler) for USART1_IRQHandler
    startup_stm32f103xb.o(RESET) refers to stm32f1xx_it.o(.text.EXTI15_10_IRQHandler) for EXTI15_10_IRQHandler
    startup_stm32f103xb.o(.text) refers (Special) to heapauxi.o(.text) for __use_two_region_memory
    startup_stm32f103xb.o(.text) refers to system_stm32f1xx.o(.text.SystemInit) for SystemInit
    startup_stm32f103xb.o(.text) refers to __main.o(!!!main) for __main
    startup_stm32f103xb.o(.text) refers to startup_stm32f103xb.o(HEAP) for Heap_Mem
    startup_stm32f103xb.o(.text) refers to startup_stm32f103xb.o(STACK) for Stack_Mem
    main.o(.text.HAL_UART_TxCpltCallback) refers to main.o(.data.isSent) for isSent
    main.o(.ARM.exidx.text.HAL_UART_TxCpltCallback) refers to main.o(.text.HAL_UART_TxCpltCallback) for [Anonymous Symbol]
    main.o(.text.delay_ms) refers to main.o(.bss.htim1) for htim1
    main.o(.ARM.exidx.text.delay_ms) refers to main.o(.text.delay_ms) for [Anonymous Symbol]
    main.o(.text.HAL_GPIO_EXTI_Callback) refers to main.o(.bss..L_MergedGlobals) for .L_MergedGlobals
    main.o(.text.HAL_GPIO_EXTI_Callback) refers to main.o(.bss.rx_buffer) for rx_buffer
    main.o(.text.HAL_GPIO_EXTI_Callback) refers to lora.o(.text.LoRa_receive) for LoRa_receive
    main.o(.text.HAL_GPIO_EXTI_Callback) refers to stm32f1xx_hal_gpio.o(.text.HAL_GPIO_TogglePin) for HAL_GPIO_TogglePin
    main.o(.text.HAL_GPIO_EXTI_Callback) refers to lora.o(.text.LoRa_startReceiving) for LoRa_startReceiving
    main.o(.ARM.exidx.text.HAL_GPIO_EXTI_Callback) refers to main.o(.text.HAL_GPIO_EXTI_Callback) for [Anonymous Symbol]
    main.o(.text.main) refers to stm32f1xx_hal.o(.text.HAL_Init) for HAL_Init
    main.o(.text.main) refers to lora.o(.text.newLoRa) for newLoRa
    main.o(.text.main) refers to main.o(.bss..L_MergedGlobals) for .L_MergedGlobals
    main.o(.text.main) refers to stm32f1xx_hal_rcc.o(.text.HAL_RCC_OscConfig) for HAL_RCC_OscConfig
    main.o(.text.main) refers to stm32f1xx_hal_rcc.o(.text.HAL_RCC_ClockConfig) for HAL_RCC_ClockConfig
    main.o(.text.main) refers to main.o(.bss.hspi1) for hspi1
    main.o(.text.main) refers to stm32f1xx_hal_gpio.o(.text.HAL_GPIO_WritePin) for HAL_GPIO_WritePin
    main.o(.text.main) refers to stm32f1xx_hal_gpio.o(.text.HAL_GPIO_Init) for HAL_GPIO_Init
    main.o(.text.main) refers to stm32f1xx_hal_cortex.o(.text.HAL_NVIC_SetPriority) for HAL_NVIC_SetPriority
    main.o(.text.main) refers to stm32f1xx_hal_cortex.o(.text.HAL_NVIC_EnableIRQ) for HAL_NVIC_EnableIRQ
    main.o(.text.main) refers to stm32f1xx_hal_spi.o(.text.HAL_SPI_Init) for HAL_SPI_Init
    main.o(.text.main) refers to main.o(.bss.hi2c1) for hi2c1
    main.o(.text.main) refers to stm32f1xx_hal_i2c.o(.text.HAL_I2C_Init) for HAL_I2C_Init
    main.o(.text.main) refers to lora.o(.text.LoRa_init) for LoRa_init
    main.o(.text.main) refers to clcd_i2c.o(.text.CLCD_I2C_Init) for CLCD_I2C_Init
[...]
    ../clib/printf.c                         0x00000000   Number         0  _printf_intcommon.o ABSOLUTE
    ../clib/printf.c                         0x00000000   Number         0  _printf_fp_dec.o ABSOLUTE
    ../clib/printf.c                         0x00000000   Number         0  _printf_fp_dec_accurate.o ABSOLUTE
    ../clib/printf.c                         0x00000000   Number         0  _printf_char_common.o ABSOLUTE
    ../clib/printf.c                         0x00000000   Number         0  _sputc.o ABSOLUTE
    ../clib/printf.c                         0x00000000   Number         0  _printf_fp_infnan.o ABSOLUTE
    ../clib/printf.c                         0x00000000   Number         0  __printf_nopercent.o ABSOLUTE
    ../clib/printf_percent.s                 0x00000000   Number         0  _printf_x.o ABSOLUTE
    ../clib/printf_percent.s                 0x00000000   Number         0  _printf_i.o ABSOLUTE
    ../clib/printf_percent.s                 0x00000000   Number         0  _printf_g.o ABSOLUTE
    ../clib/printf_percent.s                 0x00000000   Number         0  _printf_percent.o ABSOLUTE
    ../clib/printf_percent.s                 0x00000000   Number         0  _printf_percent_end.o ABSOLUTE
    ../clib/scanf.c                          0x00000000   Number         0  __0sscanf.o ABSOLUTE
    ../clib/scanf.c                          0x00000000   Number         0  scanf_fp.o ABSOLUTE
    ../clib/scanf.c                          0x00000000   Number         0  scanf_fp_accurate.o ABSOLUTE
    ../clib/scanf.c                          0x00000000   Number         0  scanf_char.o ABSOLUTE
    ../clib/scanf.c                          0x00000000   Number         0  _sgetc.o ABSOLUTE
    ../clib/scanf.c                          0x00000000   Number         0  strtod.o ABSOLUTE
    ../clib/scanf.c                          0x00000000   Number         0  _scanf.o ABSOLUTE
    ../clib/scanf.c                          0x00000000   Number         0  scanf_hexfp.o ABSOLUTE
    ../clib/scanf.c                          0x00000000   Number         0  scanf_infnan.o ABSOLUTE
    ../clib/scanf.c                          0x00000000   Number         0  _chval.o ABSOLUTE
    ../clib/signal.c                         0x00000000   Number         0  defsig_rtmem_outer.o ABSOLUTE
    ../clib/signal.c                         0x00000000   Number         0  defsig_rtmem_formal.o ABSOLUTE
    ../clib/signal.c                         0x00000000   Number         0  defsig_exit.o ABSOLUTE
    ../clib/signal.c                         0x00000000   Number         0  defsig_rtmem_inner.o ABSOLUTE
    ../clib/signal.c                         0x00000000   Number         0  __raise.o ABSOLUTE
    ../clib/signal.c                         0x00000000   Number         0  defsig_general.o ABSOLUTE
    ../clib/signal.c                         0x00000000   Number         0  defsig_abrt_inner.o ABSOLUTE
    ../clib/signal.c                         0x00000000   Number         0  defsig_fpe_inner.o ABSOLUTE
    ../clib/signal.c                         0x00000000   Number         0  defsig_rtred_inner.o ABSOLUTE
    ../clib/signal.c                         0x00000000   Number         0  defsig_stak_inner.o ABSOLUTE
    ../clib/signal.c                         0x00000000   Number         0  defsig_pvfn_inner.o ABSOLUTE
    ../clib/signal.c                         0x00000000   Number         0  defsig_cppl_inner.o ABSOLUTE
    ../clib/signal.c                         0x00000000   Number         0  defsig_segv_inner.o ABSOLUTE
    ../clib/signal.c                         0x00000000   Number         0  defsig_other.o ABSOLUTE
    ../clib/signal.s                         0x00000000   Number         0  defsig.o ABSOLUTE
    ../clib/stdlib.c                         0x00000000   Number         0  exit.o ABSOLUTE
    ../clib/string.c                         0x00000000   Number         0  strcpy.o ABSOLUTE
    ../clib/string.c                         0x00000000   Number         0  strlen.o ABSOLUTE
    ../clib/string.c                         0x00000000   Number         0  strncmp.o ABSOLUTE
    ../fplib/d2f.s                           0x00000000   Number         0  d2f.o ABSOLUTE
    ../fplib/daddsub.s                       0x00000000   Number         0  daddsub_clz.o ABSOLUTE
    ../fplib/dcheck1.s                       0x00000000   Number         0  dcheck1.o ABSOLUTE
    ../fplib/dcmp.s                          0x00000000   Number         0  dcmp.o ABSOLUTE
    ../fplib/dcmpi.s                         0x00000000   Number         0  dcmpi.o ABSOLUTE
    ../fplib/ddiv.s                          0x00000000   Number         0  ddiv.o ABSOLUTE
    ../fplib/deqf.s                          0x00000000   Number         0  deqf.o ABSOLUTE
    ../fplib/dfix.s                          0x00000000   Number         0  dfix.o ABSOLUTE
    ../fplib/dflt.s                          0x00000000   Number         0  dflt_clz.o ABSOLUTE
    ../fplib/dgeqf.s                         0x00000000   Number         0  dgeqf.o ABSOLUTE
    ../fplib/dleqf.s                         0x00000000   Number         0  dleqf.o ABSOLUTE
    ../fplib/dmul.s                          0x00000000   Number         0  dmul.o ABSOLUTE
    ../fplib/dnaninf.s                       0x00000000   Number         0  dnaninf.o ABSOLUTE
    ../fplib/dretinf.s                       0x00000000   Number         0  dretinf.o ABSOLUTE
    ../fplib/drleqf.s                        0x00000000   Number         0  drleqf.o ABSOLUTE
    ../fplib/f2d.s                           0x00000000   Number         0  f2d.o ABSOLUTE
    ../fplib/fcmp.s                          0x00000000   Number         0  fcmp.o ABSOLUTE
    ../fplib/fcmpi.s                         0x00000000   Number         0  fcmpi.o ABSOLUTE
    ../fplib/feqf.s                          0x00000000   Number         0  feqf.o ABSOLUTE
    ../fplib/ffix.s                          0x00000000   Number         0  ffix.o ABSOLUTE
    ../fplib/fgeqf.s                         0x00000000   Number         0  fgeqf.o ABSOLUTE
    ../fplib/fleqf.s                         0x00000000   Number         0  fleqf.o ABSOLUTE
    ../fplib/fnaninf.s                       0x00000000   Number         0  fnaninf.o ABSOLUTE
    ../fplib/fpconst.s                       0x00000000   Number         0  fpconst.o ABSOLUTE
    ../fplib/fpinit.s                        0x00000000   Number         0  fpinit.o ABSOLUTE
    ../fplib/fpinit_empty.s                  0x00000000   Number         0  fpinit_empty.o ABSOLUTE
    ../fplib/fretinf.s                       0x00000000   Number         0  fretinf.o ABSOLUTE
    ../fplib/istatus.s                       0x00000000   Number         0  istatus.o ABSOLUTE
    ../fplib/printf1.s                       0x00000000   Number         0  printf1.o ABSOLUTE
    ../fplib/retnan.s                        0x00000000   Number         0  retnan.o ABSOLUTE
    ../fplib/scalbn.s                        0x00000000   Number         0  scalbn.o ABSOLUTE
    ../fplib/scanf1.s                        0x00000000   Number         0  scanf1.o ABSOLUTE
    ../fplib/scanf2.s                        0x00000000   Number         0  scanf2.o ABSOLUTE
    ../fplib/scanf2a.s                       0x00000000   Number         0  scanf2a.o ABSOLUTE
    ../fplib/scanf2b.s                       0x00000000   Number         0  scanf2b.o ABSOLUTE
    ../fplib/trapv.s                         0x00000000   Number         0  trapv.o ABSOLUTE
    ../fplib/usenofp.s                       0x00000000   Number         0  usenofp.o ABSOLUTE
    ../mathlib/dunder.c                      0x00000000   Number         0  dunder.o ABSOLUTE
    ../mathlib/fpclassify.c                  0x00000000   Number         0  fpclassify.o ABSOLUTE
    ../mathlib/frexp.c                       0x00000000   Number         0  frexp.o ABSOLUTE
    ../mathlib/ldexp.c                       0x00000000   Number         0  ldexp.o ABSOLUTE
    ../mathlib/narrow.c                      0x00000000   Number         0  narrow.o ABSOLUTE
    ../mathlib/strtod.c                      0x00000000   Number         0  strtod.o ABSOLUTE
    CLCD_I2C.c                               0x00000000   Number         0  clcd_i2c.o ABSOLUTE
    LoRa.c                                   0x00000000   Number         0  lora.o ABSOLUTE
    cJSON.c                                  0x00000000   Number         0  cjson.o ABSOLUTE
    dc.s                                     0x00000000   Number         0  dc.o ABSOLUTE
    main.c                                   0x00000000   Number         0  main.o ABSOLUTE
    startup_stm32f103xb.s                    0x00000000   Number         0  startup_stm32f103xb.o ABSOLUTE
    stm32f1xx_hal.c                          0x00000000   Number         0  stm32f1xx_hal.o ABSOLUTE
    stm32f1xx_hal_cortex.c                   0x00000000   Number         0  stm32f1xx_hal_cortex.o ABSOLUTE
    stm32f1xx_hal_dma.c                      0x00000000   Number         0  stm32f1xx_hal_dma.o ABSOLUTE
    stm32f1xx_hal_exti.c                     0x00000000   Number         0  stm32f1xx_hal_exti.o ABSOLUTE
    stm32f1xx_hal_flash.c                    0x00000000   Number         0  stm32f1xx_hal_flash.o ABSOLUTE
    stm32f1xx_hal_flash_ex.c                 0x00000000   Number         0  stm32f1xx_hal_flash_ex.o ABSOLUTE
    stm32f1xx_hal_gpio.c                     0x00000000   Number         0  stm32f1xx_hal_gpio.o ABSOLUTE
    stm32f1xx_hal_gpio_ex.c                  0x00000000   Number         0  stm32f1xx_hal_gpio_ex.o ABSOLUTE
    stm32f1xx_hal_i2c.c                      0x00000000   Number         0  stm32f1xx_hal_i2c.o ABSOLUTE
    stm32f1xx_hal_msp.c                      0x00000000   Number         0  stm32f1xx_hal_msp.o ABSOLUTE
    stm32f1xx_hal_pwr.c                      0x00000000   Number         0  stm32f1xx_hal_pwr.o ABSOLUTE
    stm32f1xx_hal_rcc.c                      0x00000000   Number         0  stm32f1xx_hal_rcc.o ABSOLUTE
    stm32f1xx_hal_rcc_ex.c                   0x00000000   Number         0  stm32f1xx_hal_rcc_ex.o ABSOLUTE
    stm32f1xx_hal_spi.c                      0x00000000   Number         0  stm32f1xx_hal_spi.o ABSOLUTE
    stm32f1xx_hal_tim.c                      0x00000000   Number         0  stm32f1xx_hal_tim.o ABSOLUTE
    stm32f1xx_hal_tim_ex.c                   0x00000000   Number         0  stm32f1xx_hal_tim_ex.o ABSOLUTE
    stm32f1xx_hal_uart.c                     0x00000000   Number         0  stm32f1xx_hal_uart.o ABSOLUTE
    stm32f1xx_it.c                           0x00000000   Number         0  stm32f1xx_it.o ABSOLUTE
    system_stm32f1xx.c                       0x00000000   Number         0  system_stm32f1xx.o ABSOLUTE
    RESET                                    0x08000000   Section      236  startup_stm32f103xb.o(RESET)
    !!!main                                  0x080000ec   Section        8  __main.o(!!!main)
    !!!scatter                               0x080000f4   Section       52  __scatter.o(!!!scatter)
    !!handler_copy                           0x08000128   Section       26  __scatter_copy.o(!!handler_copy)
    !!handler_zi                             0x08000144   Section       28  __scatter_zi.o(!!handler_zi)
    .ARM.Collect$$libinit$$00000000          0x08000160   Section        2  libinit.o(.ARM.Collect$$libinit$$00000000)
    .ARM.Collect$$libinit$$00000002          0x08000162   Section        0  libinit2.o(.ARM.Collect$$libinit$$00000002)
    .ARM.Collect$$libinit$$00000004          0x08000162   Section        0  libinit2.o(.ARM.Collect$$libinit$$00000004)
    .ARM.Collect$$libinit$$00000006          0x08000162   Section        0  libinit2.o(.ARM.Collect$$libinit$$00000006)
    .ARM.Collect$$libinit$$0000000C          0x08000162   Section        0  libinit2.o(.ARM.Collect$$libinit$$0000000C)
    .ARM.Collect$$libinit$$0000000E          0x08000162   Section        0  libinit2.o(.ARM.Collect$$libinit$$0000000E)
    .ARM.Collect$$libinit$$00000010          0x08000162   Section        0  libinit2.o(.ARM.Collect$$libinit$$00000010)
    .ARM.Collect$$libinit$$00000013          0x08000162   Section        0  libinit2.o(.ARM.Collect$$libinit$$00000013)
    .ARM.Collect$$libinit$$00000015          0x08000162   Section        0  libinit2.o(.ARM.Collect$$libinit$$00000015)
    .ARM.Collect$$libinit$$00000017          0x08000162   Section        0  libinit2.o(.ARM.Collect$$libinit$$00000017)
    .ARM.Collect$$libinit$$00000019          0x08000162   Section        0  libinit2.o(.ARM.Collect$$libinit$$00000019)
    .ARM.Collect$$libinit$$0000001B          0x08000162   Section        0  libinit2.o(.ARM.Collect$$libinit$$0000001B)
    .ARM.Collect$$libinit$$0000001D          0x08000162   Section        0  libinit2.o(.ARM.Collect$$libinit$$0000001D)
    .ARM.Collect$$libinit$$0000001F          0x08000162   Section        0  libinit2.o(.ARM.Collect$$libinit$$0000001F)
    .ARM.Collect$$libinit$$00000021          0x08000162   Section        0  libinit2.o(.ARM.Collect$$libinit$$00000021)
    .ARM.Collect$$libinit$$00000023          0x08000162   Section        0  libinit2.o(.ARM.Collect$$libinit$$00000023)
    .ARM.Collect$$libinit$$00000025          0x08000162   Section        0  libinit2.o(.ARM.Collect$$libinit$$00000025)
    .ARM.Collect$$libinit$$00000027          0x08000162   Section        0  libinit2.o(.ARM.Collect$$libinit$$00000027)
    .ARM.Collect$$libinit$$0000002E          0x08000162   Section        0  libinit2.o(.ARM.Collect$$libinit$$0000002E)
    .ARM.Collect$$libinit$$00000030          0x08000162   Section        0  libinit2.o(.ARM.Collect$$libinit$$00000030)
    .ARM.Collect$$libinit$$00000032          0x08000162   Section        0  libinit2.o(.ARM.Collect$$libinit$$00000032)
    .ARM.Collect$$libinit$$00000034          0x08000162   Section        0  libinit2.o(.ARM.Collect$$libinit$$00000034)
    .ARM.Collect$$libinit$$00000035          0x08000162   Section        2  libinit2.o(.ARM.Collect$$libinit$$00000035)
    .ARM.Collect$$libshutdown$$00000000      0x08000164   Section        2  libshutdown.o(.ARM.Collect$$libshutdown$$00000000)
    .ARM.Collect$$libshutdown$$00000002      0x08000166   Section        0  libshutdown2.o(.ARM.Collect$$libshutdown$$00000002)
    .ARM.Collect$$libshutdown$$00000004      0x08000166   Section        0  libshutdown2.o(.ARM.Collect$$libshutdown$$00000004)
    .ARM.Collect$$libshutdown$$00000007      0x08000166   Section        0  libshutdown2.o(.ARM.Collect$$libshutdown$$00000007)
    .ARM.Collect$$libshutdown$$0000000A      0x08000166   Section        0  libshutdown2.o(.ARM.Collect$$libshutdown$$0000000A)
    .ARM.Collect$$libshutdown$$0000000C      0x08000166   Section        0  libshutdown2.o(.ARM.Collect$$libshutdown$$0000000C)
    .ARM.Collect$$libshutdown$$0000000F      0x08000166   Section        0  libshutdown2.o(.ARM.Collect$$libshutdown$$0000000F)
    .ARM.Collect$$libshutdown$$00000010      0x08000166   Section        2  libshutdown2.o(.ARM.Collect$$libshutdown$$00000010)
    .ARM.Collect$$rtentry$$00000000          0x08000168   Section        0  __rtentry.o(.ARM.Collect$$rtentry$$00000000)
    .ARM.Collect$$rtentry$$00000002          0x08000168   Section        0  __rtentry2.o(.ARM.Collect$$rtentry$$00000002)
    .ARM.Collect$$rtentry$$00000004          0x08000168   Section        6  __rtentry4.o(.ARM.Collect$$rtentry$$00000004)
    .ARM.Collect$$rtentry$$00000009          0x0800016e   Section        0  __rtentry2.o(.ARM.Collect$$rtentry$$00000009)
    .ARM.Collect$$rtentry$$0000000A          0x0800016e   Section        4  __rtentry2.o(.ARM.Collect$$rtentry$$0000000A)
    .ARM.Collect$$rtentry$$0000000C          0x08000172   Section        0  __rtentry2.o(.ARM.Collect$$rtentry$$0000000C)
    .ARM.Collect$$rtentry$$0000000D          0x08000172   Section        8  __rtentry2.o(.ARM.Collect$$rtentry$$0000000D)
    .ARM.Collect$$rtexit$$00000000           0x0800017a   Section        2  rtexit.o(.ARM.Collect$$rtexit$$00000000)
    .ARM.Collect$$rtexit$$00000002           0x0800017c   Section        0  rtexit2.o(.ARM.Collect$$rtexit$$00000002)
    .ARM.Collect$$rtexit$$00000003           0x0800017c   Section        4  rtexit2.o(.ARM.Collect$$rtexit$$00000003)
    .ARM.Collect$$rtexit$$00000004           0x08000180   Section        6  rtexit2.o(.ARM.Collect$$rtexit$$00000004)
    .text                                    0x08000188   Section       64  startup_stm32f103xb.o(.text)
    .text                                    0x080001c8   Section        0  heapauxi.o(.text)
    .text                                    0x080001d0   Section        8  libspace.o(.text)
    .text                                    0x080001d8   Section        2  use_no_semi.o(.text)
    .text                                    0x080001da   Section        0  indicate_semi.o(.text)
    .text                                    0x080001da   Section       74  sys_stackheap_outer.o(.text)
    .text                                    0x08000224   Section        0  exit.o(.text)
    .text                                    0x08000238   Section        0  sys_exit.o(.text)
    [Anonymous Symbol]                       0x08000244   Section        0  stm32f1xx_it.o(.text.BusFault_Handler)
    [Anonymous Symbol]                       0x08000248   Section        0  clcd_i2c.o(.text.CLCD_I2C_Init)
    [Anonymous Symbol]                       0x08000518   Section        0  clcd_i2c.o(.text.CLCD_I2C_SetCursor)
    [Anonymous Symbol]                       0x080005a4   Section        0  clcd_i2c.o(.text.CLCD_I2C_WriteString)
    [Anonymous Symbol]                       0x08000618   Section        0  stm32f1xx_it.o(.text.DebugMon_Handler)
    [Anonymous Symbol]                       0x0800061c   Section        0  stm32f1xx_it.o(.text.EXTI15_10_IRQHandler)
    [Anonymous Symbol]                       0x08000624   Section        0  stm32f1xx_hal_dma.o(.text.HAL_DMA_Abort)
    [Anonymous Symbol]                       0x0800066c   Section        0  stm32f1xx_hal_dma.o(.text.HAL_DMA_Abort_IT)
    [Anonymous Symbol]                       0x08000720   Section        0  stm32f1xx_hal_dma.o(.text.HAL_DMA_GetState)
    [Anonymous Symbol]                       0x08000728   Section        0  stm32f1xx_hal.o(.text.HAL_Delay)
    [Anonymous Symbol]                       0x08000750   Section        0  main.o(.text.HAL_GPIO_EXTI_Callback)
    [Anonymous Symbol]                       0x0800079c   Section        0  stm32f1xx_hal_gpio.o(.text.HAL_GPIO_EXTI_IRQHandler)
    [Anonymous Symbol]                       0x080007b4   Section        0  stm32f1xx_hal_gpio.o(.text.HAL_GPIO_Init)
    [Anonymous Symbol]                       0x080009d0   Section        0  stm32f1xx_hal_gpio.o(.text.HAL_GPIO_TogglePin)
    [Anonymous Symbol]                       0x080009e0   Section        0  stm32f1xx_hal_gpio.o(.text.HAL_GPIO_WritePin)
    [Anonymous Symbol]                       0x080009ec   Section        0  stm32f1xx_hal.o(.text.HAL_GetTick)
    [Anonymous Symbol]                       0x080009f8   Section        0  stm32f1xx_hal_i2c.o(.text.HAL_I2C_AbortCpltCallback)
    [Anonymous Symbol]                       0x080009fc   Section        0  stm32f1xx_hal_i2c.o(.text.HAL_I2C_AddrCallback)
    [Anonymous Symbol]                       0x08000a00   Section        0  stm32f1xx_hal_i2c.o(.text.HAL_I2C_ER_IRQHandler)
    [Anonymous Symbol]                       0x08000b54   Section        0  stm32f1xx_hal_i2c.o(.text.HAL_I2C_EV_IRQHandler)
    [Anonymous Symbol]                       0x080011b0   Section        0  stm32f1xx_hal_i2c.o(.text.HAL_I2C_ErrorCallback)
    [Anonymous Symbol]                       0x080011b4   Section        0  stm32f1xx_hal_i2c.o(.text.HAL_I2C_Init)
    [Anonymous Symbol]                       0x0800132c   Section        0  stm32f1xx_hal_i2c.o(.text.HAL_I2C_ListenCpltCallback)
    [Anonymous Symbol]                       0x08001330   Section        0  stm32f1xx_hal_i2c.o(.text.HAL_I2C_MasterRxCpltCallback)
    [Anonymous Symbol]                       0x08001334   Section        0  stm32f1xx_hal_i2c.o(.text.HAL_I2C_MasterTxCpltCallback)
    [Anonymous Symbol]                       0x08001338   Section        0  stm32f1xx_hal_i2c.o(.text.HAL_I2C_Master_Transmit)
    [Anonymous Symbol]                       0x0800150c   Section        0  stm32f1xx_hal_i2c.o(.text.HAL_I2C_MemRxCpltCallback)
    [Anonymous Symbol]                       0x08001510   Section        0  stm32f1xx_hal_i2c.o(.text.HAL_I2C_MemTxCpltCallback)
    [Anonymous Symbol]                       0x08001514   Section        0  stm32f1xx_hal_msp.o(.text.HAL_I2C_MspInit)
    [Anonymous Symbol]                       0x080015b0   Section        0  stm32f1xx_hal_i2c.o(.text.HAL_I2C_SlaveRxCpltCallback)
    [Anonymous Symbol]                       0x080015b4   Section        0  stm32f1xx_hal_i2c.o(.text.HAL_I2C_SlaveTxCpltCallback)
    [Anonymous Symbol]                       0x080015b8   Section        0  stm32f1xx_hal.o(.text.HAL_IncTick)
    [Anonymous Symbol]                       0x080015d4   Section        0  stm32f1xx_hal.o(.text.HAL_Init)
    [Anonymous Symbol]                       0x080015fc   Section        0  stm32f1xx_hal.o(.text.HAL_InitTick)
    [Anonymous Symbol]                       0x08001644   Section        0  stm32f1xx_hal_msp.o(.text.HAL_MspInit)
    [Anonymous Symbol]                       0x08001688   Section        0  stm32f1xx_hal_cortex.o(.text.HAL_NVIC_EnableIRQ)
    [Anonymous Symbol]                       0x080016b0   Section        0  stm32f1xx_hal_cortex.o(.text.HAL_NVIC_SetPriority)
    [Anonymous Symbol]                       0x08001708   Section        0  stm32f1xx_hal_cortex.o(.text.HAL_NVIC_SetPriorityGrouping)
    [Anonymous Symbol]                       0x08001728   Section        0  stm32f1xx_hal_rcc.o(.text.HAL_RCC_ClockConfig)
    [Anonymous Symbol]                       0x080018e8   Section        0  stm32f1xx_hal_rcc.o(.text.HAL_RCC_GetPCLK1Freq)
    [Anonymous Symbol]                       0x08001910   Section        0  stm32f1xx_hal_rcc.o(.text.HAL_RCC_GetPCLK2Freq)
    [Anonymous Symbol]                       0x08001938   Section        0  stm32f1xx_hal_rcc.o(.text.HAL_RCC_OscConfig)
    [Anonymous Symbol]                       0x08001cec   Section        0  stm32f1xx_hal_spi.o(.text.HAL_SPI_ErrorCallback)
    [Anonymous Symbol]                       0x08001cf0   Section        0  stm32f1xx_hal_spi.o(.text.HAL_SPI_GetState)
    [Anonymous Symbol]                       0x08001cf8   Section        0  stm32f1xx_hal_spi.o(.text.HAL_SPI_IRQHandler)
    [Anonymous Symbol]                       0x08001e00   Section        0  stm32f1xx_hal_spi.o(.text.HAL_SPI_Init)
    [Anonymous Symbol]                       0x08001eac   Section        0  stm32f1xx_hal_msp.o(.text.HAL_SPI_MspInit)
    [Anonymous Symbol]                       0x08001f34   Section        0  stm32f1xx_hal_spi.o(.text.HAL_SPI_Receive)
    [Anonymous Symbol]                       0x08002134   Section        0  stm32f1xx_hal_spi.o(.text.HAL_SPI_Transmit)
    [Anonymous Symbol]                       0x08002330   Section        0  stm32f1xx_hal_spi.o(.text.HAL_SPI_TransmitReceive)
    [Anonymous Symbol]                       0x08002600   Section        0  stm32f1xx_hal_cortex.o(.text.HAL_SYSTICK_Config)
    [Anonymous Symbol]                       0x0800262c   Section        0  stm32f1xx_hal_tim_ex.o(.text.HAL_TIMEx_BreakCallback)
    [Anonymous Symbol]                       0x08002630   Section        0  stm32f1xx_hal_tim_ex.o(.text.HAL_TIMEx_CommutCallback)
    [Anonymous Symbol]                       0x08002634   Section        0  stm32f1xx_hal_tim_ex.o(.text.HAL_TIMEx_MasterConfigSynchronization)
    [Anonymous Symbol]                       0x080026b0   Section        0  stm32f1xx_hal_tim.o(.text.HAL_TIM_IC_CaptureCallback)
    [Anonymous Symbol]                       0x080026b4   Section        0  stm32f1xx_hal_tim.o(.text.HAL_TIM_IC_ConfigChannel)
    [Anonymous Symbol]                       0x08002834   Section        0  stm32f1xx_hal_tim.o(.text.HAL_TIM_IC_Init)
    [Anonymous Symbol]                       0x08002930   Section        0  stm32f1xx_hal_msp.o(.text.HAL_TIM_IC_MspInit)
    [Anonymous Symbol]                       0x080029a0   Section        0  stm32f1xx_hal_tim.o(.text.HAL_TIM_IC_Start_IT)
    [Anonymous Symbol]                       0x08002ad0   Section        0  stm32f1xx_hal_tim.o(.text.HAL_TIM_IRQHandler)
    [Anonymous Symbol]                       0x08002c20   Section        0  stm32f1xx_hal_tim.o(.text.HAL_TIM_OC_DelayElapsedCallback)
    [Anonymous Symbol]                       0x08002c24   Section        0  stm32f1xx_hal_tim.o(.text.HAL_TIM_PWM_PulseFinishedCallback)
    [Anonymous Symbol]                       0x08002c28   Section        0  stm32f1xx_hal_tim.o(.text.HAL_TIM_PeriodElapsedCallback)
    [Anonymous Symbol]                       0x08002c2c   Section        0  stm32f1xx_hal_tim.o(.text.HAL_TIM_TriggerCallback)
    [Anonymous Symbol]                       0x08002c30   Section        0  stm32f1xx_hal_uart.o(.text.HAL_UARTEx_RxEventCallback)
    [Anonymous Symbol]                       0x08002c34   Section        0  stm32f1xx_hal_uart.o(.text.HAL_UART_ErrorCallback)
    [Anonymous Symbol]                       0x08002c38   Section        0  stm32f1xx_hal_uart.o(.text.HAL_UART_IRQHandler)
    [Anonymous Symbol]                       0x08003198   Section        0  stm32f1xx_hal_uart.o(.text.HAL_UART_Init)
    [Anonymous Symbol]                       0x0800327c   Section        0  stm32f1xx_hal_msp.o(.text.HAL_UART_MspInit)
    [Anonymous Symbol]                       0x08003314   Section        0  stm32f1xx_hal_uart.o(.text.HAL_UART_RxCpltCallback)
    [Anonymous Symbol]                       0x08003318   Section        0  stm32f1xx_hal_uart.o(.text.HAL_UART_Transmit)
    [Anonymous Symbol]                       0x08003490   Section        0  main.o(.text.HAL_UART_TxCpltCallback)
    [Anonymous Symbol]                       0x080034b0   Section        0  stm32f1xx_it.o(.text.HardFault_Handler)
    [Anonymous Symbol]                       0x080034b4   Section        0  stm32f1xx_it.o(.text.I2C1_ER_IRQHandler)
    [Anonymous Symbol]                       0x080034c0   Section        0  stm32f1xx_it.o(.text.I2C1_EV_IRQHandler)
    I2C_DMAAbort                             0x080034cd   Thumb Code   290  stm32f1xx_hal_i2c.o(.text.I2C_DMAAbort)
    [Anonymous Symbol]                       0x080034cc   Section        0  stm32f1xx_hal_i2c.o(.text.I2C_DMAAbort)
    I2C_ITError                              0x080035f1   Thumb Code   396  stm32f1xx_hal_i2c.o(.text.I2C_ITError)
    [Anonymous Symbol]                       0x080035f0   Section        0  stm32f1xx_hal_i2c.o(.text.I2C_ITError)
    I2C_MasterReceive_BTF                    0x0800377d   Thumb Code   248  stm32f1xx_hal_i2c.o(.text.I2C_MasterReceive_BTF)
    [Anonymous Symbol]                       0x0800377c   Section        0  stm32f1xx_hal_i2c.o(.text.I2C_MasterReceive_BTF)
    I2C_MasterReceive_RXNE                   0x08003875   Thumb Code   338  stm32f1xx_hal_i2c.o(.text.I2C_MasterReceive_RXNE)
    [Anonymous Symbol]                       0x08003874   Section        0  stm32f1xx_hal_i2c.o(.text.I2C_MasterReceive_RXNE)
    I2C_MasterTransmit_BTF                   0x080039c9   Thumb Code   130  stm32f1xx_hal_i2c.o(.text.I2C_MasterTransmit_BTF)
    [Anonymous Symbol]                       0x080039c8   Section        0  stm32f1xx_hal_i2c.o(.text.I2C_MasterTransmit_BTF)
    I2C_MasterTransmit_TXE                   0x08003a4d   Thumb Code   178  stm32f1xx_hal_i2c.o(.text.I2C_MasterTransmit_TXE)
    [Anonymous Symbol]                       0x08003a4c   Section        0  stm32f1xx_hal_i2c.o(.text.I2C_MasterTransmit_TXE)
    I2C_MemoryTransmit_TXE_BTF               0x08003b01   Thumb Code   190  stm32f1xx_hal_i2c.o(.text.I2C_MemoryTransmit_TXE_BTF)
    [Anonymous Symbol]                       0x08003b00   Section        0  stm32f1xx_hal_i2c.o(.text.I2C_MemoryTransmit_TXE_BTF)
    I2C_WaitOnBTFFlagUntilTimeout            0x08003bc1   Thumb Code   190  stm32f1xx_hal_i2c.o(.text.I2C_WaitOnBTFFlagUntilTimeout)
    [Anonymous Symbol]                       0x08003bc0   Section        0  stm32f1xx_hal_i2c.o(.text.I2C_WaitOnBTFFlagUntilTimeout)
    I2C_WaitOnFlagUntilTimeout               0x08003c81   Thumb Code   466  stm32f1xx_hal_i2c.o(.text.I2C_WaitOnFlagUntilTimeout)
    [Anonymous Symbol]                       0x08003c80   Section        0  stm32f1xx_hal_i2c.o(.text.I2C_WaitOnFlagUntilTimeout)
    I2C_WaitOnMasterAddressFlagUntilTimeout  0x08003e55   Thumb Code   224  stm32f1xx_hal_i2c.o(.text.I2C_WaitOnMasterAddressFlagUntilTimeout)
    [Anonymous Symbol]                       0x08003e54   Section        0  stm32f1xx_hal_i2c.o(.text.I2C_WaitOnMasterAddressFlagUntilTimeout)
    I2C_WaitOnTXEFlagUntilTimeout            0x08003f35   Thumb Code   190  stm32f1xx_hal_i2c.o(.text.I2C_WaitOnTXEFlagUntilTimeout)
    [Anonymous Symbol]                       0x08003f34   Section        0  stm32f1xx_hal_i2c.o(.text.I2C_WaitOnTXEFlagUntilTimeout)
    [Anonymous Symbol]                       0x08003ff4   Section        0  lora.o(.text.LoRa_init)
    [Anonymous Symbol]                       0x08004398   Section        0  lora.o(.text.LoRa_readReg)
    [Anonymous Symbol]                       0x080043f0   Section        0  lora.o(.text.LoRa_receive)
    [Anonymous Symbol]                       0x080045b8   Section        0  lora.o(.text.LoRa_setSpreadingFactor)
    [Anonymous Symbol]                       0x08004694   Section        0  lora.o(.text.LoRa_startReceiving)
    [Anonymous Symbol]                       0x080046dc   Section        0  lora.o(.text.LoRa_writeReg)
    [Anonymous Symbol]                       0x08004734   Section        0  stm32f1xx_it.o(.text.MemManage_Handler)
    [Anonymous Symbol]                       0x08004738   Section        0  stm32f1xx_it.o(.text.NMI_Handler)
    [Anonymous Symbol]                       0x0800473c   Section        0  stm32f1xx_it.o(.text.PendSV_Handler)
    [Anonymous Symbol]                       0x08004740   Section        0  stm32f1xx_it.o(.text.SPI1_IRQHandler)
    SPI_DMAAbortOnError                      0x0800474d   Thumb Code    12  stm32f1xx_hal_spi.o(.text.SPI_DMAAbortOnError)
    [Anonymous Symbol]                       0x0800474c   Section        0  stm32f1xx_hal_spi.o(.text.SPI_DMAAbortOnError)
    SPI_WaitFlagStateUntilTimeout            0x08004759   Thumb Code   288  stm32f1xx_hal_spi.o(.text.SPI_WaitFlagStateUntilTimeout)
    [Anonymous Symbol]                       0x08004758   Section        0  stm32f1xx_hal_spi.o(.text.SPI_WaitFlagStateUntilTimeout)
    [Anonymous Symbol]                       0x08004878   Section        0  stm32f1xx_it.o(.text.SVC_Handler)
    [Anonymous Symbol]                       0x0800487c   Section        0  stm32f1xx_it.o(.text.SysTick_Handler)
    [Anonymous Symbol]                       0x08004880   Section        0  system_stm32f1xx.o(.text.SystemInit)
    [Anonymous Symbol]                       0x08004884   Section        0  stm32f1xx_it.o(.text.TIM1_CC_IRQHandler)
    UART_DMAAbortOnError                     0x08004891   Thumb Code    12  stm32f1xx_hal_uart.o(.text.UART_DMAAbortOnError)
    [Anonymous Symbol]                       0x08004890   Section        0  stm32f1xx_hal_uart.o(.text.UART_DMAAbortOnError)
    UART_Receive_IT                          0x0800489d   Thumb Code   254  stm32f1xx_hal_uart.o(.text.UART_Receive_IT)
    [Anonymous Symbol]                       0x0800489c   Section        0  stm32f1xx_hal_uart.o(.text.UART_Receive_IT)
    [Anonymous Symbol]                       0x0800499c   Section        0  stm32f1xx_it.o(.text.USART1_IRQHandler)
    [Anonymous Symbol]                       0x080049a8   Section        0  stm32f1xx_it.o(.text.UsageFault_Handler)
    [Anonymous Symbol]                       0x080049ac   Section        0  main.o(.text.main)
    [Anonymous Symbol]                       0x08004e24   Section        0  lora.o(.text.newLoRa)
    x$fpl$ddiv                               0x08004e40   Section      692  ddiv.o(x$fpl$ddiv)
    ddiv_entry                               0x08004e47   Thumb Code     0  ddiv.o(x$fpl$ddiv)
    x$fpl$dfix                               0x080050f4   Section       94  dfix.o(x$fpl$dfix)
    x$fpl$dflt                               0x08005152   Section       46  dflt_clz.o(x$fpl$dflt)
    x$fpl$dnaninf                            0x08005180   Section      156  dnaninf.o(x$fpl$dnaninf)
    x$fpl$dretinf                            0x0800521c   Section       12  dretinf.o(x$fpl$dretinf)
    .L__const.LoRa_setAutoLDO.BW             0x08005228   Data          80  lora.o(.rodata..L__const.LoRa_setAutoLDO.BW)
    x$fpl$usenofp                            0x08005228   Section        0  usenofp.o(x$fpl$usenofp)
    HAL_RCC_GetSysClockFreq.aPredivFactorTable 0x08005290   Data           2  stm32f1xx_hal_rcc.o(.rodata.HAL_RCC_GetSysClockFreq.aPredivFactorTable)
    [Anonymous Symbol]                       0x08005290   Section        0  stm32f1xx_hal_rcc.o(.rodata.HAL_RCC_GetSysClockFreq.aPredivFactorTable)
    HAL_RCC_GetSysClockFreq.aPLLMULFactorTable 0x08005292   Data          16  stm32f1xx_hal_rcc.o(.rodata.cst16)
    [Anonymous Symbol]                       0x08005292   Section        0  stm32f1xx_hal_rcc.o(.rodata.cst16)
    .Lswitch.table.HAL_TIM_IC_Start_IT       0x080052a4   Data          16  stm32f1xx_hal_tim.o(.rodata.cst16)
    .Lswitch.table.HAL_TIM_IC_Stop_IT        0x080052b4   Data          16  stm32f1xx_hal_tim.o(.rodata.cst16)
    .L_MergedGlobals                         0x20000000   Data           8  stm32f1xx_hal.o(.data..L_MergedGlobals)
    [Anonymous Symbol]                       0x20000000   Section        0  stm32f1xx_hal.o(.data..L_MergedGlobals)
    .bss                                     0x20000010   Section       96  libspace.o(.bss)
    .L_MergedGlobals                         0x20000070   Data          60  main.o(.bss..L_MergedGlobals)
    [Anonymous Symbol]                       0x20000070   Section        0  main.o(.bss..L_MergedGlobals)
    Heap_Mem                                 0x20000270   Data         512  startup_stm32f103xb.o(HEAP)
    HEAP                                     0x20000270   Section      512  startup_stm32f103xb.o(HEAP)
    Stack_Mem                                0x20000470   Data        1024  startup_stm32f103xb.o(STACK)
    STACK                                    0x20000470   Section     1024  startup_stm32f103xb.o(STACK)
    __initial_sp                             0x20000870   Data           0  startup_stm32f103xb.o(STACK)

    Global Symbols

    Symbol Name                              Value     Ov Type        Size  Object(Section)

    BuildAttributes$$THM_ISAv4$P$D$K$B$S$PE$A:L22UL41UL21$X:L11$S22US41US21$IEEE1$IW$~IW$USESV6$~STKCKD$USESV7$~SHL$OTIME$ROPI$IEEEX$EBA8$UX$STANDARDLIB$REQ8$PRES8$EABIv2 0x00000000   Number         0  anon$$obj.o ABSOLUTE
    __fp_init_empty                          0x00000000   Number         0  fpinit_empty.o ABSOLUTE
    _printf_flags                            0x00000000   Number         0  printf_stubs.o ABSOLUTE
    _printf_return_value                     0x00000000   Number         0  printf_stubs.o ABSOLUTE
    _printf_sizespec                         0x00000000   Number         0  printf_stubs.o ABSOLUTE
    _printf_widthprec                        0x00000000   Number         0  printf_stubs.o ABSOLUTE
    __ARM_exceptions_init                     - Undefined Weak Reference
    __alloca_initialize                       - Undefined Weak Reference
    __arm_preinit_                            - Undefined Weak Reference
    __arm_relocate_pie_                       - Undefined Weak Reference
    __cpp_initialize__aeabi_                  - Undefined Weak Reference
    __cxa_finalize                            - Undefined Weak Reference
    __sigvec_lookup                           - Undefined Weak Reference
    __user_heap_extent                        - Undefined Weak Reference
    _atexit_init                              - Undefined Weak Reference
    _call_atexit_fns                          - Undefined Weak Reference
    _clock_init                               - Undefined Weak Reference
    _fp_trap_init                             - Undefined Weak Reference
    _fp_trap_shutdown                         - Undefined Weak Reference
    _get_lc_collate                           - Undefined Weak Reference
    _get_lc_monetary                          - Undefined Weak Reference
    _get_lc_time                              - Undefined Weak Reference
    _getenv_init                              - Undefined Weak Reference
    _handle_redirection                       - Undefined Weak Reference
    _initio                                   - Undefined Weak Reference
    _mutex_acquire                            - Undefined Weak Reference
    _mutex_free                               - Undefined Weak Reference
    _mutex_release                            - Undefined Weak Reference
    _printf_truncate_signed                   - Undefined Weak Reference
    _printf_truncate_unsigned                 - Undefined Weak Reference
    _rand_init                                - Undefined Weak Reference
    _scanf_int                                - Undefined Weak Reference
    _scanf_longlong                           - Undefined Weak Reference
    _scanf_mbtowc                             - Undefined Weak Reference
    _scanf_string                             - Undefined Weak Reference
    _scanf_wctomb                             - Undefined Weak Reference
    _scanf_wstring                            - Undefined Weak Reference
    _signal_finish                            - Undefined Weak Reference
    _signal_init                              - Undefined Weak Reference
    _terminateio                              - Undefined Weak Reference
    __Vectors_Size                           0x000000ec   Number         0  startup_stm32f103xb.o ABSOLUTE
    __Vectors                                0x08000000   Data           4  startup_stm32f103xb.o(RESET)
    __Vectors_End                            0x080000ec   Data           0  startup_stm32f103xb.o(RESET)
    __main                                   0x080000ed   Thumb Code     8  __main.o(!!!main)
    __scatterload                            0x080000f5   Thumb Code     0  __scatter.o(!!!scatter)
    __scatterload_rt2                        0x080000f5   Thumb Code    44  __scatter.o(!!!scatter)
    __scatterload_rt2_thumb_only             0x080000f5   Thumb Code     0  __scatter.o(!!!scatter)
    __scatterload_null                       0x08000103   Thumb Code     0  __scatter.o(!!!scatter)
    __scatterload_copy                       0x08000129   Thumb Code    26  __scatter_copy.o(!!handler_copy)
    __scatterload_zeroinit                   0x08000145   Thumb Code    28  __scatter_zi.o(!!handler_zi)
    __rt_lib_init                            0x08000161   Thumb Code     0  libinit.o(.ARM.Collect$$libinit$$00000000)
    __rt_lib_init_alloca_1                   0x08000163   Thumb Code     0  libinit2.o(.ARM.Collect$$libinit$$00000030)
    __rt_lib_init_argv_1                     0x08000163   Thumb Code     0  libinit2.o(.ARM.Collect$$libinit$$0000002E)
    __rt_lib_init_atexit_1                   0x08000163   Thumb Code     0  libinit2.o(.ARM.Collect$$libinit$$0000001D)
    __rt_lib_init_clock_1                    0x08000163   Thumb Code     0  libinit2.o(.ARM.Collect$$libinit$$00000023)
    __rt_lib_init_cpp_1                      0x08000163   Thumb Code     0  libinit2.o(.ARM.Collect$$libinit$$00000034)
    __rt_lib_init_exceptions_1               0x08000163   Thumb Code     0  libinit2.o(.ARM.Collect$$libinit$$00000032)
    __rt_lib_init_fp_1                       0x08000163   Thumb Code     0  libinit2.o(.ARM.Collect$$libinit$$00000002)
    __rt_lib_init_fp_trap_1                  0x08000163   Thumb Code     0  libinit2.o(.ARM.Collect$$libinit$$00000021)
    __rt_lib_init_getenv_1                   0x08000163   Thumb Code     0  libinit2.o(.ARM.Collect$$libinit$$00000025)
    __rt_lib_init_heap_1                     0x08000163   Thumb Code     0  libinit2.o(.ARM.Collect$$libinit$$0000000C)
    __rt_lib_init_lc_collate_1               0x08000163   Thumb Code     0  libinit2.o(.ARM.Collect$$libinit$$00000013)
    __rt_lib_init_lc_ctype_1                 0x08000163   Thumb Code     0  libinit2.o(.ARM.Collect$$libinit$$00000015)
    __rt_lib_init_lc_monetary_1              0x08000163   Thumb Code     0  libinit2.o(.ARM.Collect$$libinit$$00000017)
    __rt_lib_init_lc_numeric_1               0x08000163   Thumb Code     0  libinit2.o(.ARM.Collect$$libinit$$00000019)
    __rt_lib_init_lc_time_1                  0x08000163   Thumb Code     0  libinit2.o(.ARM.Collect$$libinit$$0000001B)
    __rt_lib_init_preinit_1                  0x08000163   Thumb Code     0  libinit2.o(.ARM.Collect$$libinit$$00000006)
    __rt_lib_init_rand_1                     0x08000163   Thumb Code     0  libinit2.o(.ARM.Collect$$libinit$$00000010)
    __rt_lib_init_relocate_pie_1             0x08000163   Thumb Code     0  libinit2.o(.ARM.Collect$$libinit$$00000004)
    __rt_lib_init_return                     0x08000163   Thumb Code     0  libinit2.o(.ARM.Collect$$libinit$$00000035)
    __rt_lib_init_signal_1                   0x08000163   Thumb Code     0  libinit2.o(.ARM.Collect$$libinit$$0000001F)
    __rt_lib_init_stdio_1                    0x08000163   Thumb Code     0  libinit2.o(.ARM.Collect$$libinit$$00000027)
    __rt_lib_init_user_alloc_1               0x08000163   Thumb Code     0  libinit2.o(.ARM.Collect$$libinit$$0000000E)
    __rt_lib_shutdown                        0x08000165   Thumb Code     0  libshutdown.o(.ARM.Collect$$libshutdown$$00000000)
    __rt_lib_shutdown_cpp_1                  0x08000167   Thumb Code     0  libshutdown2.o(.ARM.Collect$$libshutdown$$00000002)
    __rt_lib_shutdown_fp_trap_1              0x08000167   Thumb Code     0  libshutdown2.o(.ARM.Collect$$libshutdown$$00000007)
    __rt_lib_shutdown_heap_1                 0x08000167   Thumb Code     0  libshutdown2.o(.ARM.Collect$$libshutdown$$0000000F)
    __rt_lib_shutdown_return                 0x08000167   Thumb Code     0  libshutdown2.o(.ARM.Collect$$libshutdown$$00000010)
    __rt_lib_shutdown_signal_1               0x08000167   Thumb Code     0  libshutdown2.o(.ARM.Collect$$libshutdown$$0000000A)
    __rt_lib_shutdown_stdio_1                0x08000167   Thumb Code     0  libshutdown2.o(.ARM.Collect$$libshutdown$$00000004)
    __rt_lib_shutdown_user_alloc_1           0x08000167   Thumb Code     0  libshutdown2.o(.ARM.Collect$$libshutdown$$0000000C)
    __rt_entry                               0x08000169   Thumb Code     0  __rtentry.o(.ARM.Collect$$rtentry$$00000000)
    __rt_entry_presh_1                       0x08000169   Thumb Code     0  __rtentry2.o(.ARM.Collect$$rtentry$$00000002)
    __rt_entry_sh                            0x08000169   Thumb Code     0  __rtentry4.o(.ARM.Collect$$rtentry$$00000004)
    __rt_entry_li                            0x0800016f   Thumb Code     0  __rtentry2.o(.ARM.Collect$$rtentry$$0000000A)
    __rt_entry_postsh_1                      0x0800016f   Thumb Code     0  __rtentry2.o(.ARM.Collect$$rtentry$$00000009)
    __rt_entry_main                          0x08000173   Thumb Code     0  __rtentry2.o(.ARM.Collect$$rtentry$$0000000D)
    __rt_entry_postli_1                      0x08000173   Thumb Code     0  __rtentry2.o(.ARM.Collect$$rtentry$$0000000C)
    __rt_exit                                0x0800017b   Thumb Code     0  rtexit.o(.ARM.Collect$$rtexit$$00000000)
    __rt_exit_ls                             0x0800017d   Thumb Code     0  rtexit2.o(.ARM.Collect$$rtexit$$00000003)
    __rt_exit_prels_1                        0x0800017d   Thumb Code     0  rtexit2.o(.ARM.Collect$$rtexit$$00000002)
    __rt_exit_exit                           0x08000181   Thumb Code     0  rtexit2.o(.ARM.Collect$$rtexit$$00000004)
    Reset_Handler                            0x08000189   Thumb Code     8  startup_stm32f103xb.o(.text)
    ADC1_2_IRQHandler                        0x080001a3   Thumb Code     0  startup_stm32f103xb.o(.text)
    CAN1_RX1_IRQHandler                      0x080001a3   Thumb Code     0  startup_stm32f103xb.o(.text)
    CAN1_SCE_IRQHandler                      0x080001a3   Thumb Code     0  startup_stm32f103xb.o(.text)
    DMA1_Channel1_IRQHandler                 0x080001a3   Thumb Code     0  startup_stm32f103xb.o(.text)
    DMA1_Channel2_IRQHandler                 0x080001a3   Thumb Code     0  startup_stm32f103xb.o(.text)
    DMA1_Channel3_IRQHandler                 0x080001a3   Thumb Code     0  startup_stm32f103xb.o(.text)
    DMA1_Channel4_IRQHandler                 0x080001a3   Thumb Code     0  startup_stm32f103xb.o(.text)
    DMA1_Channel5_IRQHandler                 0x080001a3   Thumb Code     0  startup_stm32f103xb.o(.text)
    DMA1_Channel6_IRQHandler                 0x080001a3   Thumb Code     0  startup_stm32f103xb.o(.text)
    DMA1_Channel7_IRQHandler                 0x080001a3   Thumb Code     0  startup_stm32f103xb.o(.text)
    EXTI0_IRQHandler                         0x080001a3   Thumb Code     0  startup_stm32f103xb.o(.text)
    EXTI1_IRQHandler                         0x080001a3   Thumb Code     0  startup_stm32f103xb.o(.text)
    EXTI2_IRQHandler                         0x080001a3   Thumb Code     0  startup_stm32f103xb.o(.text)
    EXTI3_IRQHandler                         0x080001a3   Thumb Code     0  startup_stm32f103xb.o(.text)
    EXTI4_IRQHandler                         0x080001a3   Thumb Code     0  startup_stm32f103xb.o(.text)
    EXTI9_5_IRQHandler                       0x080001a3   Thumb Code     0  startup_stm32f103xb.o(.text)
    FLASH_IRQHandler                         0x080001a3   Thumb Code     0  startup_stm32f103xb.o(.text)
    I2C2_ER_IRQHandler                       0x080001a3   Thumb Code     0  startup_stm32f103xb.o(.text)
    I2C2_EV_IRQHandler                       0x080001a3   Thumb Code     0  startup_stm32f103xb.o(.text)
    PVD_IRQHandler                           0x080001a3   Thumb Code     0  startup_stm32f103xb.o(.text)
    RCC_IRQHandler                           0x080001a3   Thumb Code     0  startup_stm32f103xb.o(.text)
    RTC_Alarm_IRQHandler                     0x080001a3   Thumb Code     0  startup_stm32f103xb.o(.text)
    RTC_IRQHandler                           0x080001a3   Thumb Code     0  startup_stm32f103xb.o(.text)
    SPI2_IRQHandler                          0x080001a3   Thumb Code     0  startup_stm32f103xb.o(.text)
    TAMPER_IRQHandler                        0x080001a3   Thumb Code     0  startup_stm32f103xb.o(.text)
    TIM1_BRK_IRQHandler                      0x080001a3   Thumb Code     0  startup_stm32f103xb.o(.text)
    TIM1_TRG_COM_IRQHandler                  0x080001a3   Thumb Code     0  startup_stm32f103xb.o(.text)
    TIM1_UP_IRQHandler                       0x080001a3   Thumb Code     0  startup_stm32f103xb.o(.text)
    TIM2_IRQHandler                          0x080001a3   Thumb Code     0  startup_stm32f103xb.o(.text)
    TIM3_IRQHandler                          0x080001a3   Thumb Code     0  startup_stm32f103xb.o(.text)
    TIM4_IRQHandler                          0x080001a3   Thumb Code     0  startup_stm32f103xb.o(.text)
    USART2_IRQHandler                        0x080001a3   Thumb Code     0  startup_stm32f103xb.o(.text)
    USART3_IRQHandler                        0x080001a3   Thumb Code     0  startup_stm32f103xb.o(.text)
    USBWakeUp_IRQHandler                     0x080001a3   Thumb Code     0  startup_stm32f103xb.o(.text)
    USB_HP_CAN1_TX_IRQHandler                0x080001a3   Thumb Code     0  startup_stm32f103xb.o(.text)
    USB_LP_CAN1_RX0_IRQHandler               0x080001a3   Thumb Code     0  startup_stm32f103xb.o(.text)
    WWDG_IRQHandler                          0x080001a3   Thumb Code     0  startup_stm32f103xb.o(.text)
    __user_initial_stackheap                 0x080001a5   Thumb Code     0  startup_stm32f103xb.o(.text)
    __use_two_region_memory                  0x080001c9   Thumb Code     2  heapauxi.o(.text)
    __rt_heap_escrow                         0x080001cb   Thumb Code     2  heapauxi.o(.text)
    __rt_heap_expand                         0x080001cd   Thumb Code     2  heapauxi.o(.text)
    __user_libspace                          0x080001d1   Thumb Code     8  libspace.o(.text)
    __user_perproc_libspace                  0x080001d1   Thumb Code     0  libspace.o(.text)
    __user_perthread_libspace                0x080001d1   Thumb Code     0  libspace.o(.text)
    __I$use$semihosting                      0x080001d9   Thumb Code     0  use_no_semi.o(.text)
    __use_no_semihosting_swi                 0x080001d9   Thumb Code     2  use_no_semi.o(.text)
    __semihosting_library_function           0x080001db   Thumb Code     0  indicate_semi.o(.text)
    __user_setup_stackheap                   0x080001db   Thumb Code    74  sys_stackheap_outer.o(.text)
    exit                                     0x08000225   Thumb Code    18  exit.o(.text)
    _sys_exit                                0x08000239   Thumb Code     8  sys_exit.o(.text)
    BusFault_Handler                         0x08000245   Thumb Code     2  stm32f1xx_it.o(.text.BusFault_Handler)
    CLCD_I2C_Init                            0x08000249   Thumb Code   720  clcd_i2c.o(.text.CLCD_I2C_Init)
    CLCD_I2C_SetCursor                       0x08000519   Thumb Code   138  clcd_i2c.o(.text.CLCD_I2C_SetCursor)
    CLCD_I2C_WriteString                     0x080005a5   Thumb Code   116  clcd_i2c.o(.text.CLCD_I2C_WriteString)
    DebugMon_Handler                         0x08000619   Thumb Code     2  stm32f1xx_it.o(.text.DebugMon_Handler)
    EXTI15_10_IRQHandler                     0x0800061d   Thumb Code     8  stm32f1xx_it.o(.text.EXTI15_10_IRQHandler)
    HAL_DMA_Abort                            0x08000625   Thumb Code    70  stm32f1xx_hal_dma.o(.text.HAL_DMA_Abort)
    HAL_DMA_Abort_IT                         0x0800066d   Thumb Code   178  stm32f1xx_hal_dma.o(.text.HAL_DMA_Abort_IT)
    HAL_DMA_GetState                         0x08000721   Thumb Code     6  stm32f1xx_hal_dma.o(.text.HAL_DMA_GetState)
    HAL_Delay                                0x08000729   Thumb Code    40  stm32f1xx_hal.o(.text.HAL_Delay)
    HAL_GPIO_EXTI_Callback                   0x08000751   Thumb Code    76  main.o(.text.HAL_GPIO_EXTI_Callback)
    HAL_GPIO_EXTI_IRQHandler                 0x0800079d   Thumb Code    22  stm32f1xx_hal_gpio.o(.text.HAL_GPIO_EXTI_IRQHandler)
    HAL_GPIO_Init                            0x080007b5   Thumb Code   538  stm32f1xx_hal_gpio.o(.text.HAL_GPIO_Init)
    HAL_GPIO_TogglePin                       0x080009d1   Thumb Code    16  stm32f1xx_hal_gpio.o(.text.HAL_GPIO_TogglePin)
    HAL_GPIO_WritePin                        0x080009e1   Thumb Code    10  stm32f1xx_hal_gpio.o(.text.HAL_GPIO_WritePin)
    HAL_GetTick                              0x080009ed   Thumb Code    12  stm32f1xx_hal.o(.text.HAL_GetTick)
    HAL_I2C_AbortCpltCallback                0x080009f9   Thumb Code     2  stm32f1xx_hal_i2c.o(.text.HAL_I2C_AbortCpltCallback)
    HAL_I2C_AddrCallback                     0x080009fd   Thumb Code     2  stm32f1xx_hal_i2c.o(.text.HAL_I2C_AddrCallback)
    HAL_I2C_ER_IRQHandler                    0x08000a01   Thumb Code   340  stm32f1xx_hal_i2c.o(.text.HAL_I2C_ER_IRQHandler)
    HAL_I2C_EV_IRQHandler                    0x08000b55   Thumb Code  1628  stm32f1xx_hal_i2c.o(.text.HAL_I2C_EV_IRQHandler)
    HAL_I2C_ErrorCallback                    0x080011b1   Thumb Code     2  stm32f1xx_hal_i2c.o(.text.HAL_I2C_ErrorCallback)
    HAL_I2C_Init                             0x080011b5   Thumb Code   374  stm32f1xx_hal_i2c.o(.text.HAL_I2C_Init)
    HAL_I2C_ListenCpltCallback               0x0800132d   Thumb Code     2  stm32f1xx_hal_i2c.o(.text.HAL_I2C_ListenCpltCallback)
    HAL_I2C_MasterRxCpltCallback             0x08001331   Thumb Code     2  stm32f1xx_hal_i2c.o(.text.HAL_I2C_MasterRxCpltCallback)
    HAL_I2C_MasterTxCpltCallback             0x08001335   Thumb Code     2  stm32f1xx_hal_i2c.o(.text.HAL_I2C_MasterTxCpltCallback)
    HAL_I2C_Master_Transmit                  0x08001339   Thumb Code   468  stm32f1xx_hal_i2c.o(.text.HAL_I2C_Master_Transmit)
    HAL_I2C_MemRxCpltCallback                0x0800150d   Thumb Code     2  stm32f1xx_hal_i2c.o(.text.HAL_I2C_MemRxCpltCallback)
    HAL_I2C_MemTxCpltCallback                0x08001511   Thumb Code     2  stm32f1xx_hal_i2c.o(.text.HAL_I2C_MemTxCpltCallback)
    HAL_I2C_MspInit                          0x08001515   Thumb Code   154  stm32f1xx_hal_msp.o(.text.HAL_I2C_MspInit)
    HAL_I2C_SlaveRxCpltCallback              0x080015b1   Thumb Code     2  stm32f1xx_hal_i2c.o(.text.HAL_I2C_SlaveRxCpltCallback)
    HAL_I2C_SlaveTxCpltCallback              0x080015b5   Thumb Code     2  stm32f1xx_hal_i2c.o(.text.HAL_I2C_SlaveTxCpltCallback)
    HAL_IncTick                              0x080015b9   Thumb Code    26  stm32f1xx_hal.o(.text.HAL_IncTick)
    HAL_Init                                 0x080015d5   Thumb Code    38  stm32f1xx_hal.o(.text.HAL_Init)
    HAL_InitTick                             0x080015fd   Thumb Code    72  stm32f1xx_hal.o(.text.HAL_InitTick)
    HAL_MspInit                              0x08001645   Thumb Code    66  stm32f1xx_hal_msp.o(.text.HAL_MspInit)
    HAL_NVIC_EnableIRQ                       0x08001689   Thumb Code    38  stm32f1xx_hal_cortex.o(.text.HAL_NVIC_EnableIRQ)
    HAL_NVIC_SetPriority                     0x080016b1   Thumb Code    86  stm32f1xx_hal_cortex.o(.text.HAL_NVIC_SetPriority)
    HAL_NVIC_SetPriorityGrouping             0x08001709   Thumb Code    32  stm32f1xx_hal_cortex.o(.text.HAL_NVIC_SetPriorityGrouping)
    HAL_RCC_ClockConfig                      0x08001729   Thumb Code   446  stm32f1xx_hal_rcc.o(.text.HAL_RCC_ClockConfig)
    HAL_RCC_GetPCLK1Freq                     0x080018e9   Thumb Code    38  stm32f1xx_hal_rcc.o(.text.HAL_RCC_GetPCLK1Freq)
    HAL_RCC_GetPCLK2Freq                     0x08001911   Thumb Code    38  stm32f1xx_hal_rcc.o(.text.HAL_RCC_GetPCLK2Freq)
    HAL_RCC_OscConfig                        0x08001939   Thumb Code   948  stm32f1xx_hal_rcc.o(.text.HAL_RCC_OscConfig)
    HAL_SPI_ErrorCallback                    0x08001ced   Thumb Code     2  stm32f1xx_hal_spi.o(.text.HAL_SPI_ErrorCallback)
    HAL_SPI_GetState                         0x08001cf1   Thumb Code     6  stm32f1xx_hal_spi.o(.text.HAL_SPI_GetState)
    HAL_SPI_IRQHandler                       0x08001cf9   Thumb Code   264  stm32f1xx_hal_spi.o(.text.HAL_SPI_IRQHandler)
    HAL_SPI_Init                             0x08001e01   Thumb Code   172  stm32f1xx_hal_spi.o(.text.HAL_SPI_Init)
    HAL_SPI_MspInit                          0x08001ead   Thumb Code   134  stm32f1xx_hal_msp.o(.text.HAL_SPI_MspInit)
    HAL_SPI_Receive                          0x08001f35   Thumb Code   512  stm32f1xx_hal_spi.o(.text.HAL_SPI_Receive)
    HAL_SPI_Transmit                         0x08002135   Thumb Code   506  stm32f1xx_hal_spi.o(.text.HAL_SPI_Transmit)
    HAL_SPI_TransmitReceive                  0x08002331   Thumb Code   718  stm32f1xx_hal_spi.o(.text.HAL_SPI_TransmitReceive)
    HAL_SYSTICK_Config                       0x08002601   Thumb Code    44  stm32f1xx_hal_cortex.o(.text.HAL_SYSTICK_Config)
    HAL_TIMEx_BreakCallback                  0x0800262d   Thumb Code     2  stm32f1xx_hal_tim_ex.o(.text.HAL_TIMEx_BreakCallback)
    HAL_TIMEx_CommutCallback                 0x08002631   Thumb Code     2  stm32f1xx_hal_tim_ex.o(.text.HAL_TIMEx_CommutCallback)
    HAL_TIMEx_MasterConfigSynchronization    0x08002635   Thumb Code   122  stm32f1xx_hal_tim_ex.o(.text.HAL_TIMEx_MasterConfigSynchronization)
    HAL_TIM_IC_CaptureCallback               0x080026b1   Thumb Code     2  stm32f1xx_hal_tim.o(.text.HAL_TIM_IC_CaptureCallback)
    HAL_TIM_IC_ConfigChannel                 0x080026b5   Thumb Code   382  stm32f1xx_hal_tim.o(.text.HAL_TIM_IC_ConfigChannel)
    HAL_TIM_IC_Init                          0x08002835   Thumb Code   250  stm32f1xx_hal_tim.o(.text.HAL_TIM_IC_Init)
    HAL_TIM_IC_MspInit                       0x08002931   Thumb Code   112  stm32f1xx_hal_msp.o(.text.HAL_TIM_IC_MspInit)
    HAL_TIM_IC_Start_IT                      0x080029a1   Thumb Code   304  stm32f1xx_hal_tim.o(.text.HAL_TIM_IC_Start_IT)
    HAL_TIM_IRQHandler                       0x08002ad1   Thumb Code   334  stm32f1xx_hal_tim.o(.text.HAL_TIM_IRQHandler)
    HAL_TIM_OC_DelayElapsedCallback          0x08002c21   Thumb Code     2  stm32f1xx_hal_tim.o(.text.HAL_TIM_OC_DelayElapsedCallback)
    HAL_TIM_PWM_PulseFinishedCallback        0x08002c25   Thumb Code     2  stm32f1xx_hal_tim.o(.text.HAL_TIM_PWM_PulseFinishedCallback)
    HAL_TIM_PeriodElapsedCallback            0x08002c29   Thumb Code     2  stm32f1xx_hal_tim.o(.text.HAL_TIM_PeriodElapsedCallback)
    HAL_TIM_TriggerCallback                  0x08002c2d   Thumb Code     2  stm32f1xx_hal_tim.o(.text.HAL_TIM_TriggerCallback)
    HAL_UARTEx_RxEventCallback               0x08002c31   Thumb Code     2  stm32f1xx_hal_uart.o(.text.HAL_UARTEx_RxEventCallback)
    HAL_UART_ErrorCallback                   0x08002c35   Thumb Code     2  stm32f1xx_hal_uart.o(.text.HAL_UART_ErrorCallback)
    HAL_UART_IRQHandler                      0x08002c39   Thumb Code  1376  stm32f1xx_hal_uart.o(.text.HAL_UART_IRQHandler)
    HAL_UART_Init                            0x08003199   Thumb Code   226  stm32f1xx_hal_uart.o(.text.HAL_UART_Init)
    HAL_UART_MspInit                         0x0800327d   Thumb Code   152  stm32f1xx_hal_msp.o(.text.HAL_UART_MspInit)
    HAL_UART_RxCpltCallback                  0x08003315   Thumb Code     2  stm32f1xx_hal_uart.o(.text.HAL_UART_RxCpltCallback)
    HAL_UART_Transmit                        0x08003319   Thumb Code   376  stm32f1xx_hal_uart.o(.text.HAL_UART_Transmit)
    HAL_UART_TxCpltCallback                  0x08003491   Thumb Code    30  main.o(.text.HAL_UART_TxCpltCallback)
    HardFault_Handler                        0x080034b1   Thumb Code     2  stm32f1xx_it.o(.text.HardFault_Handler)
    I2C1_ER_IRQHandler                       0x080034b5   Thumb Code    12  stm32f1xx_it.o(.text.I2C1_ER_IRQHandler)
    I2C1_EV_IRQHandler                       0x080034c1   Thumb Code    12  stm32f1xx_it.o(.text.I2C1_EV_IRQHandler)
    LoRa_init                                0x08003ff5   Thumb Code   932  lora.o(.text.LoRa_init)
    LoRa_readReg                             0x08004399   Thumb Code    88  lora.o(.text.LoRa_readReg)
    LoRa_receive                             0x080043f1   Thumb Code   456  lora.o(.text.LoRa_receive)
    LoRa_setSpreadingFactor                  0x080045b9   Thumb Code   220  lora.o(.text.LoRa_setSpreadingFactor)
    LoRa_startReceiving                      0x08004695   Thumb Code    72  lora.o(.text.LoRa_startReceiving)
    LoRa_writeReg                            0x080046dd   Thumb Code    88  lora.o(.text.LoRa_writeReg)
    MemManage_Handler                        0x08004735   Thumb Code     2  stm32f1xx_it.o(.text.MemManage_Handler)
    NMI_Handler                              0x08004739   Thumb Code     2  stm32f1xx_it.o(.text.NMI_Handler)
    PendSV_Handler                           0x0800473d   Thumb Code     2  stm32f1xx_it.o(.text.PendSV_Handler)
    SPI1_IRQHandler                          0x08004741   Thumb Code    12  stm32f1xx_it.o(.text.SPI1_IRQHandler)
    SVC_Handler                              0x08004879   Thumb Code     2  stm32f1xx_it.o(.text.SVC_Handler)
    SysTick_Handler                          0x0800487d   Thumb Code     4  stm32f1xx_it.o(.text.SysTick_Handler)
    SystemInit                               0x08004881   Thumb Code     2  system_stm32f1xx.o(.text.SystemInit)
    TIM1_CC_IRQHandler                       0x08004885   Thumb Code    12  stm32f1xx_it.o(.text.TIM1_CC_IRQHandler)
    USART1_IRQHandler                        0x0800499d   Thumb Code    12  stm32f1xx_it.o(.text.USART1_IRQHandler)
    UsageFault_Handler                       0x080049a9   Thumb Code     2  stm32f1xx_it.o(.text.UsageFault_Handler)
    main                                     0x080049ad   Thumb Code  1144  main.o(.text.main)
    newLoRa                                  0x08004e25   Thumb Code    28  lora.o(.text.newLoRa)
    __aeabi_ddiv                             0x08004e41   Thumb Code     0  ddiv.o(x$fpl$ddiv)
    _ddiv                                    0x08004e41   Thumb Code   556  ddiv.o(x$fpl$ddiv)
    __aeabi_d2iz                             0x080050f5   Thumb Code     0  dfix.o(x$fpl$dfix)
    _dfix                                    0x080050f5   Thumb Code    94  dfix.o(x$fpl$dfix)
    __aeabi_i2d                              0x08005153   Thumb Code     0  dflt_clz.o(x$fpl$dflt)
    _dflt                                    0x08005153   Thumb Code    46  dflt_clz.o(x$fpl$dflt)
    __fpl_dnaninf                            0x08005181   Thumb Code   156  dnaninf.o(x$fpl$dnaninf)
    __fpl_dretinf                            0x0800521d   Thumb Code    12  dretinf.o(x$fpl$dretinf)
    __I$use$fp                               0x08005228   Number         0  usenofp.o(x$fpl$usenofp)
    AHBPrescTable                            0x08005278   Data          16  system_stm32f1xx.o(.rodata.AHBPrescTable)
    APBPrescTable                            0x08005288   Data           8  system_stm32f1xx.o(.rodata.APBPrescTable)
    Region$$Table$$Base                      0x080052c4   Number         0  anon$$obj.o(Region$$Table)
    Region$$Table$$Limit                     0x080052e4   Number         0  anon$$obj.o(Region$$Table)
    uwTickFreq                               0x20000000   Data           1  stm32f1xx_hal.o(.data..L_MergedGlobals)
    uwTickPrio                               0x20000004   Data           4  stm32f1xx_hal.o(.data..L_MergedGlobals)
    SystemCoreClock                          0x20000008   Data           4  system_stm32f1xx.o(.data.SystemCoreClock)
    isSent                                   0x2000000c   Data           1  main.o(.data.isSent)
    __libspace_start                         0x20000010   Data          96  libspace.o(.bss)
    __temporary_stack_top$libspace           0x20000070   Data           0  libspace.o(.bss)
    rx_length                                0x20000070   Data           1  main.o(.bss..L_MergedGlobals)
    LCD1                                     0x20000074   Data          12  main.o(.bss..L_MergedGlobals)
    myLoRa                                   0x20000080   Data          44  main.o(.bss..L_MergedGlobals)
    hi2c1                                    0x200000ac   Data          84  main.o(.bss.hi2c1)
    hspi1                                    0x20000100   Data          88  main.o(.bss.hspi1)
    htim1                                    0x20000158   Data          72  main.o(.bss.htim1)
    huart1                                   0x200001a0   Data          72  main.o(.bss.huart1)
    rx_buffer                                0x200001e8   Data         128  main.o(.bss.rx_buffer)
    uwTick                                   0x20000268   Data           4  stm32f1xx_hal.o(.bss.uwTick)



==============================================================================

Memory Map of the image

  Image Entry point : 0x080000ed

  Load Region LR_IROM1 (Base: 0x08000000, Size: 0x000052f8, Max: 0x00010000, ABSOLUTE)

    Execution Region ER_IROM1 (Exec base: 0x08000000, Load base: 0x08000000, Size: 0x000052e4, Max: 0x00010000, ABSOLUTE)

    Exec Addr    Load Addr    Size         Type   Attr      Idx    E Section Name        Object

    0x08000000   0x08000000   0x000000ec   Data   RO            3    RESET               startup_stm32f103xb.o
    0x080000ec   0x080000ec   0x00000008   Code   RO         1572  * !!!main             c_w.l(__main.o)
    0x080000f4   0x080000f4   0x00000034   Code   RO         1995    !!!scatter          c_w.l(__scatter.o)
    0x08000128   0x08000128   0x0000001a   Code   RO         1997    !!handler_copy      c_w.l(__scatter_copy.o)
    0x08000142   0x08000142   0x00000002   PAD
    0x08000144   0x08000144   0x0000001c   Code   RO         1999    !!handler_zi        c_w.l(__scatter_zi.o)
    0x08000160   0x08000160   0x00000002   Code   RO         1888    .ARM.Collect$$libinit$$00000000  c_w.l(libinit.o)
    0x08000162   0x08000162   0x00000000   Code   RO         1668    .ARM.Collect$$libinit$$00000002  c_w.l(libinit2.o)
    0x08000162   0x08000162   0x00000000   Code   RO         1670    .ARM.Collect$$libinit$$00000004  c_w.l(libinit2.o)
    0x08000162   0x08000162   0x00000000   Code   RO         1672    .ARM.Collect$$libinit$$00000006  c_w.l(libinit2.o)
    0x08000162   0x08000162   0x00000000   Code   RO         1675    .ARM.Collect$$libinit$$0000000C  c_w.l(libinit2.o)
    0x08000162   0x08000162   0x00000000   Code   RO         1677    .ARM.Collect$$libinit$$0000000E  c_w.l(libinit2.o)
    0x08000162   0x08000162   0x00000000   Code   RO         1679    .ARM.Collect$$libinit$$00000010  c_w.l(libinit2.o)
    0x08000162   0x08000162   0x00000000   Code   RO         1682    .ARM.Collect$$libinit$$00000013  c_w.l(libinit2.o)
    0x08000162   0x08000162   0x00000000   Code   RO         1684    .ARM.Collect$$libinit$$00000015  c_w.l(libinit2.o)
    0x08000162   0x08000162   0x00000000   Code   RO         1686    .ARM.Collect$$libinit$$00000017  c_w.l(libinit2.o)
    0x08000162   0x08000162   0x00000000   Code   RO         1688    .ARM.Collect$$libinit$$00000019  c_w.l(libinit2.o)
    0x08000162   0x08000162   0x00000000   Code   RO         1690    .ARM.Collect$$libinit$$0000001B  c_w.l(libinit2.o)
    0x08000162   0x08000162   0x00000000   Code   RO         1692    .ARM.Collect$$libinit$$0000001D  c_w.l(libinit2.o)
    0x08000162   0x08000162   0x00000000   Code   RO         1694    .ARM.Collect$$libinit$$0000001F  c_w.l(libinit2.o)
    0x08000162   0x08000162   0x00000000   Code   RO         1696    .ARM.Collect$$libinit$$00000021  c_w.l(libinit2.o)
    0x08000162   0x08000162   0x00000000   Code   RO         1698    .ARM.Collect$$libinit$$00000023  c_w.l(libinit2.o)
    0x08000162   0x08000162   0x00000000   Code   RO         1700    .ARM.Collect$$libinit$$00000025  c_w.l(libinit2.o)
    0x08000162   0x08000162   0x00000000   Code   RO         1702    .ARM.Collect$$libinit$$00000027  c_w.l(libinit2.o)
    0x08000162   0x08000162   0x00000000   Code   RO         1706    .ARM.Collect$$libinit$$0000002E  c_w.l(libinit2.o)
    0x08000162   0x08000162   0x00000000   Code   RO         1708    .ARM.Collect$$libinit$$00000030  c_w.l(libinit2.o)
    0x08000162   0x08000162   0x00000000   Code   RO         1710    .ARM.Collect$$libinit$$00000032  c_w.l(libinit2.o)
    0x08000162   0x08000162   0x00000000   Code   RO         1712    .ARM.Collect$$libinit$$00000034  c_w.l(libinit2.o)
    0x08000162   0x08000162   0x00000002   Code   RO         1713    .ARM.Collect$$libinit$$00000035  c_w.l(libinit2.o)
    0x08000164   0x08000164   0x00000002   Code   RO         1988    .ARM.Collect$$libshutdown$$00000000  c_w.l(libshutdown.o)
    0x08000166   0x08000166   0x00000000   Code   RO         1916    .ARM.Collect$$libshutdown$$00000002  c_w.l(libshutdown2.o)
    0x08000166   0x08000166   0x00000000   Code   RO         1918    .ARM.Collect$$libshutdown$$00000004  c_w.l(libshutdown2.o)
    0x08000166   0x08000166   0x00000000   Code   RO         1921    .ARM.Collect$$libshutdown$$00000007  c_w.l(libshutdown2.o)
    0x08000166   0x08000166   0x00000000   Code   RO         1924    .ARM.Collect$$libshutdown$$0000000A  c_w.l(libshutdown2.o)
    0x08000166   0x08000166   0x00000000   Code   RO         1926    .ARM.Collect$$libshutdown$$0000000C  c_w.l(libshutdown2.o)
    0x08000166   0x08000166   0x00000000   Code   RO         1929    .ARM.Collect$$libshutdown$$0000000F  c_w.l(libshutdown2.o)
    0x08000166   0x08000166   0x00000002   Code   RO         1930    .ARM.Collect$$libshutdown$$00000010  c_w.l(libshutdown2.o)
    0x08000168   0x08000168   0x00000000   Code   RO         1616    .ARM.Collect$$rtentry$$00000000  c_w.l(__rtentry.o)
    0x08000168   0x08000168   0x00000000   Code   RO         1741    .ARM.Collect$$rtentry$$00000002  c_w.l(__rtentry2.o)
    0x08000168   0x08000168   0x00000006   Code   RO         1753    .ARM.Collect$$rtentry$$00000004  c_w.l(__rtentry4.o)
    0x0800016e   0x0800016e   0x00000000   Code   RO         1743    .ARM.Collect$$rtentry$$00000009  c_w.l(__rtentry2.o)
    0x0800016e   0x0800016e   0x00000004   Code   RO         1744    .ARM.Collect$$rtentry$$0000000A  c_w.l(__rtentry2.o)
    0x08000172   0x08000172   0x00000000   Code   RO         1746    .ARM.Collect$$rtentry$$0000000C  c_w.l(__rtentry2.o)
    0x08000172   0x08000172   0x00000008   Code   RO         1747    .ARM.Collect$$rtentry$$0000000D  c_w.l(__rtentry2.o)
    0x0800017a   0x0800017a   0x00000002   Code   RO         1901    .ARM.Collect$$rtexit$$00000000  c_w.l(rtexit.o)
    0x0800017c   0x0800017c   0x00000000   Code   RO         1946    .ARM.Collect$$rtexit$$00000002  c_w.l(rtexit2.o)
    0x0800017c   0x0800017c   0x00000004   Code   RO         1947    .ARM.Collect$$rtexit$$00000003  c_w.l(rtexit2.o)
    0x08000180   0x08000180   0x00000006   Code   RO         1948    .ARM.Collect$$rtexit$$00000004  c_w.l(rtexit2.o)
    0x08000186   0x08000186   0x00000002   PAD
    0x08000188   0x08000188   0x00000040   Code   RO            4    .text               startup_stm32f103xb.o
    0x080001c8   0x080001c8   0x00000006   Code   RO         1570    .text               c_w.l(heapauxi.o)
    0x080001ce   0x080001ce   0x00000002   PAD
    0x080001d0   0x080001d0   0x00000008   Code   RO         1737    .text               c_w.l(libspace.o)
    0x080001d8   0x080001d8   0x00000002   Code   RO         1856    .text               c_w.l(use_no_semi.o)
    0x080001da   0x080001da   0x00000000   Code   RO         1858    .text               c_w.l(indicate_semi.o)
    0x080001da   0x080001da   0x0000004a   Code   RO         1859    .text               c_w.l(sys_stackheap_outer.o)
    0x08000224   0x08000224   0x00000012   Code   RO         1873    .text               c_w.l(exit.o)
    0x08000236   0x08000236   0x00000002   PAD
    0x08000238   0x08000238   0x0000000c   Code   RO         1897    .text               c_w.l(sys_exit.o)
    0x08000244   0x08000244   0x00000002   Code   RO           49    .text.BusFault_Handler  stm32f1xx_it.o
    0x08000246   0x08000246   0x00000002   PAD
    0x08000248   0x08000248   0x000002d0   Code   RO         1212    .text.CLCD_I2C_Init  clcd_i2c.o
    0x08000518   0x08000518   0x0000008a   Code   RO         1214    .text.CLCD_I2C_SetCursor  clcd_i2c.o
    0x080005a2   0x080005a2   0x00000002   PAD
    0x080005a4   0x080005a4   0x00000074   Code   RO         1218    .text.CLCD_I2C_WriteString  clcd_i2c.o
    0x08000618   0x08000618   0x00000002   Code   RO           55    .text.DebugMon_Handler  stm32f1xx_it.o
    0x0800061a   0x0800061a   0x00000002   PAD
    0x0800061c   0x0800061c   0x00000008   Code   RO           71    .text.EXTI15_10_IRQHandler  stm32f1xx_it.o
    0x08000624   0x08000624   0x00000046   Code   RO          402    .text.HAL_DMA_Abort  stm32f1xx_hal_dma.o
    0x0800066a   0x0800066a   0x00000002   PAD
    0x0800066c   0x0800066c   0x000000b2   Code   RO          404    .text.HAL_DMA_Abort_IT  stm32f1xx_hal_dma.o
    0x0800071e   0x0800071e   0x00000002   PAD
    0x08000720   0x08000720   0x00000006   Code   RO          414    .text.HAL_DMA_GetState  stm32f1xx_hal_dma.o
    0x08000726   0x08000726   0x00000002   PAD
    0x08000728   0x08000728   0x00000028   Code   RO          278    .text.HAL_Delay     stm32f1xx_hal.o
    0x08000750   0x08000750   0x0000004c   Code   RO           15    .text.HAL_GPIO_EXTI_Callback  main.o
    0x0800079c   0x0800079c   0x00000016   Code   RO          382    .text.HAL_GPIO_EXTI_IRQHandler  stm32f1xx_hal_gpio.o
    0x080007b2   0x080007b2   0x00000002   PAD
    0x080007b4   0x080007b4   0x0000021a   Code   RO          370    .text.HAL_GPIO_Init  stm32f1xx_hal_gpio.o
    0x080009ce   0x080009ce   0x00000002   PAD
    0x080009d0   0x080009d0   0x00000010   Code   RO          378    .text.HAL_GPIO_TogglePin  stm32f1xx_hal_gpio.o
    0x080009e0   0x080009e0   0x0000000a   Code   RO          376    .text.HAL_GPIO_WritePin  stm32f1xx_hal_gpio.o
    0x080009ea   0x080009ea   0x00000002   PAD
    0x080009ec   0x080009ec   0x0000000c   Code   RO          270    .text.HAL_GetTick   stm32f1xx_hal.o
    0x080009f8   0x080009f8   0x00000002   Code   RO          240    .text.HAL_I2C_AbortCpltCallback  stm32f1xx_hal_i2c.o
    0x080009fa   0x080009fa   0x00000002   PAD
    0x080009fc   0x080009fc   0x00000002   Code   RO          230    .text.HAL_I2C_AddrCallback  stm32f1xx_hal_i2c.o
    0x080009fe   0x080009fe   0x00000002   PAD
    0x08000a00   0x08000a00   0x00000154   Code   RO          220    .text.HAL_I2C_ER_IRQHandler  stm32f1xx_hal_i2c.o
    0x08000b54   0x08000b54   0x0000065c   Code   RO          208    .text.HAL_I2C_EV_IRQHandler  stm32f1xx_hal_i2c.o
    0x080011b0   0x080011b0   0x00000002   Code   RO          238    .text.HAL_I2C_ErrorCallback  stm32f1xx_hal_i2c.o
    0x080011b2   0x080011b2   0x00000002   PAD
    0x080011b4   0x080011b4   0x00000176   Code   RO          120    .text.HAL_I2C_Init  stm32f1xx_hal_i2c.o
    0x0800132a   0x0800132a   0x00000002   PAD
    0x0800132c   0x0800132c   0x00000002   Code   RO          232    .text.HAL_I2C_ListenCpltCallback  stm32f1xx_hal_i2c.o
    0x0800132e   0x0800132e   0x00000002   PAD
    0x08001330   0x08001330   0x00000002   Code   RO          224    .text.HAL_I2C_MasterRxCpltCallback  stm32f1xx_hal_i2c.o
    0x08001332   0x08001332   0x00000002   PAD
    0x08001334   0x08001334   0x00000002   Code   RO          222    .text.HAL_I2C_MasterTxCpltCallback  stm32f1xx_hal_i2c.o
    0x08001336   0x08001336   0x00000002   PAD
    0x08001338   0x08001338   0x000001d4   Code   RO          128    .text.HAL_I2C_Master_Transmit  stm32f1xx_hal_i2c.o
    0x0800150c   0x0800150c   0x00000002   Code   RO          236    .text.HAL_I2C_MemRxCpltCallback  stm32f1xx_hal_i2c.o
    0x0800150e   0x0800150e   0x00000002   PAD
    0x08001510   0x08001510   0x00000002   Code   RO          234    .text.HAL_I2C_MemTxCpltCallback  stm32f1xx_hal_i2c.o
    0x08001512   0x08001512   0x00000002   PAD
    0x08001514   0x08001514   0x0000009a   Code   RO           82    .text.HAL_I2C_MspInit  stm32f1xx_hal_msp.o
    0x080015ae   0x080015ae   0x00000002   PAD
    0x080015b0   0x080015b0   0x00000002   Code   RO          228    .text.HAL_I2C_SlaveRxCpltCallback  stm32f1xx_hal_i2c.o
    0x080015b2   0x080015b2   0x00000002   PAD
    0x080015b4   0x080015b4   0x00000002   Code   RO          226    .text.HAL_I2C_SlaveTxCpltCallback  stm32f1xx_hal_i2c.o
    0x080015b6   0x080015b6   0x00000002   PAD
    0x080015b8   0x080015b8   0x0000001a   Code   RO          268    .text.HAL_IncTick   stm32f1xx_hal.o
    0x080015d2   0x080015d2   0x00000002   PAD
    0x080015d4   0x080015d4   0x00000026   Code   RO          258    .text.HAL_Init      stm32f1xx_hal.o
    0x080015fa   0x080015fa   0x00000002   PAD
    0x080015fc   0x080015fc   0x00000048   Code   RO          260    .text.HAL_InitTick  stm32f1xx_hal.o
    0x08001644   0x08001644   0x00000042   Code   RO           80    .text.HAL_MspInit   stm32f1xx_hal_msp.o
    0x08001686   0x08001686   0x00000002   PAD
    0x08001688   0x08001688   0x00000026   Code   RO          430    .text.HAL_NVIC_EnableIRQ  stm32f1xx_hal_cortex.o
    0x080016ae   0x080016ae   0x00000002   PAD
    0x080016b0   0x080016b0   0x00000056   Code   RO          428    .text.HAL_NVIC_SetPriority  stm32f1xx_hal_cortex.o
    0x08001706   0x08001706   0x00000002   PAD
    0x08001708   0x08001708   0x00000020   Code   RO          426    .text.HAL_NVIC_SetPriorityGrouping  stm32f1xx_hal_cortex.o
    0x08001728   0x08001728   0x000001be   Code   RO          322    .text.HAL_RCC_ClockConfig  stm32f1xx_hal_rcc.o
    0x080018e6   0x080018e6   0x00000002   PAD
    0x080018e8   0x080018e8   0x00000026   Code   RO          334    .text.HAL_RCC_GetPCLK1Freq  stm32f1xx_hal_rcc.o
    0x0800190e   0x0800190e   0x00000002   PAD
    0x08001910   0x08001910   0x00000026   Code   RO          336    .text.HAL_RCC_GetPCLK2Freq  stm32f1xx_hal_rcc.o
    0x08001936   0x08001936   0x00000002   PAD
    0x08001938   0x08001938   0x000003b4   Code   RO          320    .text.HAL_RCC_OscConfig  stm32f1xx_hal_rcc.o
    0x08001cec   0x08001cec   0x00000002   Code   RO          671    .text.HAL_SPI_ErrorCallback  stm32f1xx_hal_spi.o
    0x08001cee   0x08001cee   0x00000002   PAD
    0x08001cf0   0x08001cf0   0x00000006   Code   RO          685    .text.HAL_SPI_GetState  stm32f1xx_hal_spi.o
    0x08001cf6   0x08001cf6   0x00000002   PAD
    0x08001cf8   0x08001cf8   0x00000108   Code   RO          667    .text.HAL_SPI_IRQHandler  stm32f1xx_hal_spi.o
    0x08001e00   0x08001e00   0x000000ac   Code   RO          591    .text.HAL_SPI_Init  stm32f1xx_hal_spi.o
    0x08001eac   0x08001eac   0x00000086   Code   RO           86    .text.HAL_SPI_MspInit  stm32f1xx_hal_msp.o
    0x08001f32   0x08001f32   0x00000002   PAD
    0x08001f34   0x08001f34   0x00000200   Code   RO          601    .text.HAL_SPI_Receive  stm32f1xx_hal_spi.o
    0x08002134   0x08002134   0x000001fa   Code   RO          599    .text.HAL_SPI_Transmit  stm32f1xx_hal_spi.o
    0x0800232e   0x0800232e   0x00000002   PAD
    0x08002330   0x08002330   0x000002ce   Code   RO          603    .text.HAL_SPI_TransmitReceive  stm32f1xx_hal_spi.o
    0x080025fe   0x080025fe   0x00000002   PAD
    0x08002600   0x08002600   0x0000002c   Code   RO          438    .text.HAL_SYSTICK_Config  stm32f1xx_hal_cortex.o
    0x0800262c   0x0800262c   0x00000002   Code   RO         1010    .text.HAL_TIMEx_BreakCallback  stm32f1xx_hal_tim_ex.o
    0x0800262e   0x0800262e   0x00000002   PAD
    0x08002630   0x08002630   0x00000002   Code   RO         1006    .text.HAL_TIMEx_CommutCallback  stm32f1xx_hal_tim_ex.o
    0x08002632   0x08002632   0x00000002   PAD
    0x08002634   0x08002634   0x0000007a   Code   RO         1000    .text.HAL_TIMEx_MasterConfigSynchronization  stm32f1xx_hal_tim_ex.o
    0x080026ae   0x080026ae   0x00000002   PAD
    0x080026b0   0x080026b0   0x00000002   Code   RO          841    .text.HAL_TIM_IC_CaptureCallback  stm32f1xx_hal_tim.o
    0x080026b2   0x080026b2   0x00000002   PAD
    0x080026b4   0x080026b4   0x0000017e   Code   RO          855    .text.HAL_TIM_IC_ConfigChannel  stm32f1xx_hal_tim.o
    0x08002832   0x08002832   0x00000002   PAD
    0x08002834   0x08002834   0x000000fa   Code   RO          779    .text.HAL_TIM_IC_Init  stm32f1xx_hal_tim.o
    0x0800292e   0x0800292e   0x00000002   PAD
    0x08002930   0x08002930   0x00000070   Code   RO           90    .text.HAL_TIM_IC_MspInit  stm32f1xx_hal_msp.o
    0x080029a0   0x080029a0   0x00000130   Code   RO          791    .text.HAL_TIM_IC_Start_IT  stm32f1xx_hal_tim.o
    0x08002ad0   0x08002ad0   0x0000014e   Code   RO          839    .text.HAL_TIM_IRQHandler  stm32f1xx_hal_tim.o
    0x08002c1e   0x08002c1e   0x00000002   PAD
    0x08002c20   0x08002c20   0x00000002   Code   RO          843    .text.HAL_TIM_OC_DelayElapsedCallback  stm32f1xx_hal_tim.o
    0x08002c22   0x08002c22   0x00000002   PAD
    0x08002c24   0x08002c24   0x00000002   Code   RO          845    .text.HAL_TIM_PWM_PulseFinishedCallback  stm32f1xx_hal_tim.o
    0x08002c26   0x08002c26   0x00000002   PAD
    0x08002c28   0x08002c28   0x00000002   Code   RO          847    .text.HAL_TIM_PeriodElapsedCallback  stm32f1xx_hal_tim.o
    0x08002c2a   0x08002c2a   0x00000002   PAD
    0x08002c2c   0x08002c2c   0x00000002   Code   RO          849    .text.HAL_TIM_TriggerCallback  stm32f1xx_hal_tim.o
    0x08002c2e   0x08002c2e   0x00000002   PAD
    0x08002c30   0x08002c30   0x00000002   Code   RO         1108    .text.HAL_UARTEx_RxEventCallback  stm32f1xx_hal_uart.o
    0x08002c32   0x08002c32   0x00000002   PAD
    0x08002c34   0x08002c34   0x00000002   Code   RO         1106    .text.HAL_UART_ErrorCallback  stm32f1xx_hal_uart.o
    0x08002c36   0x08002c36   0x00000002   PAD
    0x08002c38   0x08002c38   0x00000560   Code   RO         1100    .text.HAL_UART_IRQHandler  stm32f1xx_hal_uart.o
    0x08003198   0x08003198   0x000000e2   Code   RO         1024    .text.HAL_UART_Init  stm32f1xx_hal_uart.o
    0x0800327a   0x0800327a   0x00000002   PAD
    0x0800327c   0x0800327c   0x00000098   Code   RO           94    .text.HAL_UART_MspInit  stm32f1xx_hal_msp.o
    0x08003314   0x08003314   0x00000002   Code   RO         1114    .text.HAL_UART_RxCpltCallback  stm32f1xx_hal_uart.o
    0x08003316   0x08003316   0x00000002   PAD
    0x08003318   0x08003318   0x00000178   Code   RO         1038    .text.HAL_UART_Transmit  stm32f1xx_hal_uart.o
    0x08003490   0x08003490   0x0000001e   Code   RO           11    .text.HAL_UART_TxCpltCallback  main.o
    0x080034ae   0x080034ae   0x00000002   PAD
    0x080034b0   0x080034b0   0x00000002   Code   RO           45    .text.HardFault_Handler  stm32f1xx_it.o
    0x080034b2   0x080034b2   0x00000002   PAD
    0x080034b4   0x080034b4   0x0000000c   Code   RO           65    .text.I2C1_ER_IRQHandler  stm32f1xx_it.o
    0x080034c0   0x080034c0   0x0000000c   Code   RO           63    .text.I2C1_EV_IRQHandler  stm32f1xx_it.o
    0x080034cc   0x080034cc   0x00000122   Code   RO          194    .text.I2C_DMAAbort  stm32f1xx_hal_i2c.o
    0x080035ee   0x080035ee   0x00000002   PAD
    0x080035f0   0x080035f0   0x0000018c   Code   RO          206    .text.I2C_ITError   stm32f1xx_hal_i2c.o
    0x0800377c   0x0800377c   0x000000f8   Code   RO          218    .text.I2C_MasterReceive_BTF  stm32f1xx_hal_i2c.o
    0x08003874   0x08003874   0x00000152   Code   RO          216    .text.I2C_MasterReceive_RXNE  stm32f1xx_hal_i2c.o
    0x080039c6   0x080039c6   0x00000002   PAD
    0x080039c8   0x080039c8   0x00000082   Code   RO          212    .text.I2C_MasterTransmit_BTF  stm32f1xx_hal_i2c.o
    0x08003a4a   0x08003a4a   0x00000002   PAD
    0x08003a4c   0x08003a4c   0x000000b2   Code   RO          210    .text.I2C_MasterTransmit_TXE  stm32f1xx_hal_i2c.o
    0x08003afe   0x08003afe   0x00000002   PAD
    0x08003b00   0x08003b00   0x000000be   Code   RO          214    .text.I2C_MemoryTransmit_TXE_BTF  stm32f1xx_hal_i2c.o
    0x08003bbe   0x08003bbe   0x00000002   PAD
    0x08003bc0   0x08003bc0   0x000000be   Code   RO          134    .text.I2C_WaitOnBTFFlagUntilTimeout  stm32f1xx_hal_i2c.o
    0x08003c7e   0x08003c7e   0x00000002   PAD
    0x08003c80   0x08003c80   0x000001d2   Code   RO          130    .text.I2C_WaitOnFlagUntilTimeout  stm32f1xx_hal_i2c.o
    0x08003e52   0x08003e52   0x00000002   PAD
    0x08003e54   0x08003e54   0x000000e0   Code   RO          248    .text.I2C_WaitOnMasterAddressFlagUntilTimeout  stm32f1xx_hal_i2c.o
    0x08003f34   0x08003f34   0x000000be   Code   RO          132    .text.I2C_WaitOnTXEFlagUntilTimeout  stm32f1xx_hal_i2c.o
    0x08003ff2   0x08003ff2   0x00000002   PAD
    0x08003ff4   0x08003ff4   0x000003a4   Code   RO         1201    .text.LoRa_init     lora.o
    0x08004398   0x08004398   0x00000058   Code   RO         1169    .text.LoRa_readReg  lora.o
    0x080043f0   0x080043f0   0x000001c8   Code   RO         1197    .text.LoRa_receive  lora.o
    0x080045b8   0x080045b8   0x000000dc   Code   RO         1179    .text.LoRa_setSpreadingFactor  lora.o
    0x08004694   0x08004694   0x00000048   Code   RO         1195    .text.LoRa_startReceiving  lora.o
    0x080046dc   0x080046dc   0x00000058   Code   RO         1171    .text.LoRa_writeReg  lora.o
    0x08004734   0x08004734   0x00000002   Code   RO           47    .text.MemManage_Handler  stm32f1xx_it.o
    0x08004736   0x08004736   0x00000002   PAD
    0x08004738   0x08004738   0x00000002   Code   RO           43    .text.NMI_Handler   stm32f1xx_it.o
    0x0800473a   0x0800473a   0x00000002   PAD
    0x0800473c   0x0800473c   0x00000002   Code   RO           57    .text.PendSV_Handler  stm32f1xx_it.o
    0x0800473e   0x0800473e   0x00000002   PAD
    0x08004740   0x08004740   0x0000000c   Code   RO           67    .text.SPI1_IRQHandler  stm32f1xx_it.o
    0x0800474c   0x0800474c   0x0000000c   Code   RO          669    .text.SPI_DMAAbortOnError  stm32f1xx_hal_spi.o
    0x08004758   0x08004758   0x00000120   Code   RO          695    .text.SPI_WaitFlagStateUntilTimeout  stm32f1xx_hal_spi.o
    0x08004878   0x08004878   0x00000002   Code   RO           53    .text.SVC_Handler   stm32f1xx_it.o
    0x0800487a   0x0800487a   0x00000002   PAD
    0x0800487c   0x0800487c   0x00000004   Code   RO           59    .text.SysTick_Handler  stm32f1xx_it.o
    0x08004880   0x08004880   0x00000002   Code   RO         1144    .text.SystemInit    system_stm32f1xx.o
    0x08004882   0x08004882   0x00000002   PAD
    0x08004884   0x08004884   0x0000000c   Code   RO           61    .text.TIM1_CC_IRQHandler  stm32f1xx_it.o
    0x08004890   0x08004890   0x0000000c   Code   RO         1104    .text.UART_DMAAbortOnError  stm32f1xx_hal_uart.o
    0x0800489c   0x0800489c   0x000000fe   Code   RO         1102    .text.UART_Receive_IT  stm32f1xx_hal_uart.o
    0x0800499a   0x0800499a   0x00000002   PAD
    0x0800499c   0x0800499c   0x0000000c   Code   RO           69    .text.USART1_IRQHandler  stm32f1xx_it.o
    0x080049a8   0x080049a8   0x00000002   Code   RO           51    .text.UsageFault_Handler  stm32f1xx_it.o
    0x080049aa   0x080049aa   0x00000002   PAD
    0x080049ac   0x080049ac   0x00000478   Code   RO           17    .text.main          main.o
    0x08004e24   0x08004e24   0x0000001c   Code   RO         1159    .text.newLoRa       lora.o
    0x08004e40   0x08004e40   0x000002b4   Code   RO         1583    x$fpl$ddiv          fz_ws.l(ddiv.o)
    0x080050f4   0x080050f4   0x0000005e   Code   RO         1586    x$fpl$dfix          fz_ws.l(dfix.o)
    0x08005152   0x08005152   0x0000002e   Code   RO         1591    x$fpl$dflt          fz_ws.l(dflt_clz.o)
    0x08005180   0x08005180   0x0000009c   Code   RO         1720    x$fpl$dnaninf       fz_ws.l(dnaninf.o)
    0x0800521c   0x0800521c   0x0000000c   Code   RO         1722    x$fpl$dretinf       fz_ws.l(dretinf.o)
    0x08005228   0x08005228   0x00000000   Code   RO         1732    x$fpl$usenofp       fz_ws.l(usenofp.o)
    0x08005228   0x08005228   0x00000050   Data   RO         1203    .rodata..L__const.LoRa_setAutoLDO.BW  lora.o
    0x08005278   0x08005278   0x00000010   Data   RO         1149    .rodata.AHBPrescTable  system_stm32f1xx.o
    0x08005288   0x08005288   0x00000008   Data   RO         1150    .rodata.APBPrescTable  system_stm32f1xx.o
    0x08005290   0x08005290   0x00000002   Data   RO          347    .rodata.HAL_RCC_GetSysClockFreq.aPredivFactorTable  stm32f1xx_hal_rcc.o
    0x08005292   0x08005292   0x00000010   Data   RO          346    .rodata.cst16       stm32f1xx_hal_rcc.o
    0x080052a2   0x080052a2   0x00000002   PAD
    0x080052a4   0x080052a4   0x00000020   Data   RO          925    .rodata.cst16       stm32f1xx_hal_tim.o
    0x080052c4   0x080052c4   0x00000020   Data   RO         1994    Region$$Table       anon$$obj.o


    Execution Region RW_IRAM1 (Exec base: 0x20000000, Load base: 0x080052e8, Size: 0x00000870, Max: 0x00005000, ABSOLUTE)

    Exec Addr    Load Addr    Size         Type   Attr      Idx    E Section Name        Object

    0x20000000   0x080052e8   0x00000008   Data   RW          309    .data..L_MergedGlobals  stm32f1xx_hal.o
    0x20000008   0x080052f0   0x00000004   Data   RW         1148    .data.SystemCoreClock  system_stm32f1xx.o
    0x2000000c   0x080052f4   0x00000001   Data   RW           24    .data.isSent        main.o
    0x2000000d   0x080052f5   0x00000003   PAD
    0x20000010        -       0x00000060   Zero   RW         1738    .bss                c_w.l(libspace.o)
    0x20000070        -       0x0000003c   Zero   RW           34    .bss..L_MergedGlobals  main.o
    0x200000ac        -       0x00000054   Zero   RW           28    .bss.hi2c1          main.o
    0x20000100        -       0x00000058   Zero   RW           27    .bss.hspi1          main.o
    0x20000158        -       0x00000048   Zero   RW           25    .bss.htim1          main.o
    0x200001a0        -       0x00000048   Zero   RW           29    .bss.huart1         main.o
    0x200001e8        -       0x00000080   Zero   RW           26    .bss.rx_buffer      main.o
    0x20000268        -       0x00000004   Zero   RW          308    .bss.uwTick         stm32f1xx_hal.o
    0x2000026c   0x080052f5   0x00000004   PAD
    0x20000270        -       0x00000200   Zero   RW            2    HEAP                startup_stm32f103xb.o
    0x20000470        -       0x00000400   Zero   RW            1    STACK               startup_stm32f103xb.o


==============================================================================

Image component sizes


      Code (inc. data)   RO Data    RW Data    ZI Data      Debug   Object Name

       974          4          0          0          0      12622   clcd_i2c.o
      1884          0         80          0          0      25543   lora.o
      1250          0          0          1        504      13425   main.o
        64         26        236          0       1536        796   startup_stm32f103xb.o
       188          0          0          8          4       5744   stm32f1xx_hal.o
       200          0          0          0          0       8502   stm32f1xx_hal_cortex.o
       254          0          0          0          0       8441   stm32f1xx_hal_dma.o
       586         22          0          0          0       4572   stm32f1xx_hal_gpio.o
      5670         16          0          0          0      42696   stm32f1xx_hal_i2c.o
       618          0          0          0          0      11058   stm32f1xx_hal_msp.o
      1470          0         18          0          0       7674   stm32f1xx_hal_rcc.o
      2480          0          0          0          0      22894   stm32f1xx_hal_spi.o
      1280          6         32          0          0      55271   stm32f1xx_hal_tim.o
       126          0          0          0          0      20660   stm32f1xx_hal_tim_ex.o
      2250          0          0          0          0      32239   stm32f1xx_hal_uart.o
        88          0          0          0          0       8404   stm32f1xx_it.o
         2          0         24          4          0       1624   system_stm32f1xx.o

    ----------------------------------------------------------------------
     19516         74        424         16       2048     282165   Object Totals
         0          0         32          0          0          0   (incl. Generated)
       132          0          2          3          4          0   (incl. Padding)

    ----------------------------------------------------------------------

      Code (inc. data)   RO Data    RW Data    ZI Data      Debug   Library Member Name

         8          0          0          0          0         68   __main.o
         0          0          0          0          0          0   __rtentry.o
        12          0          0          0          0          0   __rtentry2.o
         6          0          0          0          0          0   __rtentry4.o
        52          8          0          0          0          0   __scatter.o
        26          0          0          0          0          0   __scatter_copy.o
        28          0          0          0          0          0   __scatter_zi.o
        18          0          0          0          0         80   exit.o
         6          0          0          0          0        152   heapauxi.o
         0          0          0          0          0          0   indicate_semi.o
         2          0          0          0          0          0   libinit.o
         2          0          0          0          0          0   libinit2.o
         2          0          0          0          0          0   libshutdown.o
         2          0          0          0          0          0   libshutdown2.o
         8          4          0          0         96         68   libspace.o
         2          0          0          0          0          0   rtexit.o
        10          0          0          0          0          0   rtexit2.o
        12          4          0          0          0         68   sys_exit.o
        74          0          0          0          0         80   sys_stackheap_outer.o
         2          0          0          0          0         68   use_no_semi.o
       692        140          0          0          0        216   ddiv.o
        94          4          0          0          0         92   dfix.o
        46          0          0          0          0         68   dflt_clz.o
       156          4          0          0          0         92   dnaninf.o
        12          0          0          0          0         68   dretinf.o
         0          0          0          0          0          0   usenofp.o

    ----------------------------------------------------------------------
      1280        164          0          0         96       1120   Library Totals
         8          0          0          0          0          0   (incl. Padding)

    ----------------------------------------------------------------------

      Code (inc. data)   RO Data    RW Data    ZI Data      Debug   Library Name

       272         16          0          0         96        584   c_w.l
      1000        148          0          0          0        536   fz_ws.l

    ----------------------------------------------------------------------
      1280        164          0          0         96       1120   Library Totals

    ----------------------------------------------------------------------

==============================================================================


      Code (inc. data)   RO Data    RW Data    ZI Data      Debug   

     20796        238        424         16       2144     282617   Grand Totals
     20796        238        424         16       2144     282617   ELF Image Totals
     20796        238        424         16          0          0   ROM Totals

==============================================================================

    Total RO  Size (Code + RO Data)                21220 (  20.72kB)
    Total RW  Size (RW Data + ZI Data)              2160 (   2.11kB)
    Total ROM Size (Code + RO Data + RW Data)      21236 (  20.74kB)

==============================================================================

